Archive member included because of file (symbol)

g:/new folder/nios2eds/bin/gnu/h-i686-mingw32/bin/../lib/gcc/nios2-elf/4.1.2\libgcc.a(_addsub_sf.o)
                              obj/default/application/jpegclib/jfdctflt.o (__subsf3)
g:/new folder/nios2eds/bin/gnu/h-i686-mingw32/bin/../lib/gcc/nios2-elf/4.1.2\libgcc.a(_mul_sf.o)
                              obj/default/application/jpegclib/jcdctmgr.o (__mulsf3)
g:/new folder/nios2eds/bin/gnu/h-i686-mingw32/bin/../lib/gcc/nios2-elf/4.1.2\libgcc.a(_si_to_sf.o)
                              obj/default/application/jpegclib/jfdctflt.o (__floatsisf)
g:/new folder/nios2eds/bin/gnu/h-i686-mingw32/bin/../lib/gcc/nios2-elf/4.1.2\libgcc.a(_sf_to_si.o)
                              obj/default/application/jpegclib/jcdctmgr.o (__fixsfsi)
g:/new folder/nios2eds/bin/gnu/h-i686-mingw32/bin/../lib/gcc/nios2-elf/4.1.2\libgcc.a(_thenan_sf.o)
                              g:/new folder/nios2eds/bin/gnu/h-i686-mingw32/bin/../lib/gcc/nios2-elf/4.1.2\libgcc.a(_addsub_sf.o) (__thenan_sf)
g:/new folder/nios2eds/bin/gnu/h-i686-mingw32/bin/../lib/gcc/nios2-elf/4.1.2\libgcc.a(_mul_df.o)
                              obj/default/application/jpegclib/jcdctmgr.o (__muldf3)
g:/new folder/nios2eds/bin/gnu/h-i686-mingw32/bin/../lib/gcc/nios2-elf/4.1.2\libgcc.a(_div_df.o)
                              obj/default/application/jpegclib/jcdctmgr.o (__divdf3)
g:/new folder/nios2eds/bin/gnu/h-i686-mingw32/bin/../lib/gcc/nios2-elf/4.1.2\libgcc.a(_df_to_sf.o)
                              obj/default/application/jpegclib/jcdctmgr.o (__truncdfsf2)
g:/new folder/nios2eds/bin/gnu/h-i686-mingw32/bin/../lib/gcc/nios2-elf/4.1.2\libgcc.a(_thenan_df.o)
                              g:/new folder/nios2eds/bin/gnu/h-i686-mingw32/bin/../lib/gcc/nios2-elf/4.1.2\libgcc.a(_mul_df.o) (__thenan_df)
g:/new folder/nios2eds/bin/gnu/h-i686-mingw32/bin/../lib/gcc/nios2-elf/4.1.2\libgcc.a(_usi_to_df.o)
                              obj/default/application/jpegclib/jcdctmgr.o (__floatunsidf)
g:/new folder/nios2eds/bin/gnu/h-i686-mingw32/bin/../lib/gcc/nios2-elf/4.1.2\libgcc.a(lib2-divmod.o)
                              obj/default/application/jpegclib/jcdctmgr.o (__divsi3)
g:/new folder/nios2eds/bin/gnu/h-i686-mingw32/bin/../lib/gcc/nios2-elf/4.1.2\libgcc.a(_muldi3.o)
                              g:/new folder/nios2eds/bin/gnu/h-i686-mingw32/bin/../lib/gcc/nios2-elf/4.1.2\libgcc.a(_mul_sf.o) (__muldi3)
g:/new folder/nios2eds/bin/gnu/h-i686-mingw32/bin/../lib/gcc/nios2-elf/4.1.2\libgcc.a(_clzsi2.o)
                              g:/new folder/nios2eds/bin/gnu/h-i686-mingw32/bin/../lib/gcc/nios2-elf/4.1.2\libgcc.a(_si_to_sf.o) (__clzsi2)
g:/new folder/nios2eds/bin/gnu/h-i686-mingw32/bin/../lib/gcc/nios2-elf/4.1.2\libgcc.a(_pack_sf.o)
                              g:/new folder/nios2eds/bin/gnu/h-i686-mingw32/bin/../lib/gcc/nios2-elf/4.1.2\libgcc.a(_addsub_sf.o) (__pack_f)
g:/new folder/nios2eds/bin/gnu/h-i686-mingw32/bin/../lib/gcc/nios2-elf/4.1.2\libgcc.a(_unpack_sf.o)
                              g:/new folder/nios2eds/bin/gnu/h-i686-mingw32/bin/../lib/gcc/nios2-elf/4.1.2\libgcc.a(_addsub_sf.o) (__unpack_f)
g:/new folder/nios2eds/bin/gnu/h-i686-mingw32/bin/../lib/gcc/nios2-elf/4.1.2\libgcc.a(_make_sf.o)
                              g:/new folder/nios2eds/bin/gnu/h-i686-mingw32/bin/../lib/gcc/nios2-elf/4.1.2\libgcc.a(_df_to_sf.o) (__make_fp)
g:/new folder/nios2eds/bin/gnu/h-i686-mingw32/bin/../lib/gcc/nios2-elf/4.1.2\libgcc.a(_pack_df.o)
                              g:/new folder/nios2eds/bin/gnu/h-i686-mingw32/bin/../lib/gcc/nios2-elf/4.1.2\libgcc.a(_mul_df.o) (__pack_d)
g:/new folder/nios2eds/bin/gnu/h-i686-mingw32/bin/../lib/gcc/nios2-elf/4.1.2\libgcc.a(_unpack_df.o)
                              g:/new folder/nios2eds/bin/gnu/h-i686-mingw32/bin/../lib/gcc/nios2-elf/4.1.2\libgcc.a(_mul_df.o) (__unpack_d)
g:/new folder/nios2eds/bin/gnu/h-i686-mingw32/bin/../lib/gcc/nios2-elf/4.1.2\libgcc.a(_clz.o)
                              g:/new folder/nios2eds/bin/gnu/h-i686-mingw32/bin/../lib/gcc/nios2-elf/4.1.2\libgcc.a(_clzsi2.o) (__clz_tab)
g:/new folder/nios2eds/bin/gnu/h-i686-mingw32/bin/../lib/gcc/nios2-elf/4.1.2/../../../../nios2-elf/lib\libc.a(lib_a-ctype_.o)
                              obj/default/application/jpegclib/cdjpeg.o (__ctype_ptr)
g:/new folder/nios2eds/bin/gnu/h-i686-mingw32/bin/../lib/gcc/nios2-elf/4.1.2/../../../../nios2-elf/lib\libc.a(lib_a-exit.o)
                              obj/default/application/jpeg_encoding.o (exit)
g:/new folder/nios2eds/bin/gnu/h-i686-mingw32/bin/../lib/gcc/nios2-elf/4.1.2/../../../../nios2-elf/lib\libc.a(lib_a-fclose.o)
                              obj/default/application/bmp_extract.o (fclose)
g:/new folder/nios2eds/bin/gnu/h-i686-mingw32/bin/../lib/gcc/nios2-elf/4.1.2/../../../../nios2-elf/lib\libc.a(lib_a-fflush.o)
[...]
Memory Configuration

Name             Origin             Length             Attributes
sdram            0x00000000         0x08000000
reset            0x08200000         0x00000020
onchip_mem       0x08200020         0x0005ffe0
*default*        0x00000000         0xffffffff

Linker script and memory map

LOAD ../Test_bsp//obj/HAL/src/crt0.o
LOAD obj/default/application/bmp_extract.o
LOAD obj/default/application/jpeg_encoding.o
LOAD obj/default/application/jpegclib/cdjpeg.o
LOAD obj/default/application/jpegclib/jaricom.o
LOAD obj/default/application/jpegclib/jcapimin.o
LOAD obj/default/application/jpegclib/jcapistd.o
LOAD obj/default/application/jpegclib/jcarith.o
LOAD obj/default/application/jpegclib/jccoefct.o
LOAD obj/default/application/jpegclib/jccolor.o
LOAD obj/default/application/jpegclib/jcdctmgr.o
LOAD obj/default/application/jpegclib/jchuff.o
LOAD obj/default/application/jpegclib/jcinit.o
LOAD obj/default/application/jpegclib/jcmainct.o
LOAD obj/default/application/jpegclib/jcmarker.o
LOAD obj/default/application/jpegclib/jcmaster.o
LOAD obj/default/application/jpegclib/jcomapi.o
LOAD obj/default/application/jpegclib/jcparam.o
LOAD obj/default/application/jpegclib/jcprepct.o
LOAD obj/default/application/jpegclib/jcsample.o
LOAD obj/default/application/jpegclib/jctrans.o
LOAD obj/default/application/jpegclib/jdatadst.o
LOAD obj/default/application/jpegclib/jerror.o
LOAD obj/default/application/jpegclib/jfdctflt.o
LOAD obj/default/application/jpegclib/jfdctfst.o
LOAD obj/default/application/jpegclib/jfdctint.o
LOAD obj/default/application/jpegclib/jidctflt.o
LOAD obj/default/application/jpegclib/jidctfst.o
LOAD obj/default/application/jpegclib/jidctint.o
LOAD obj/default/application/jpegclib/jmemansi.o
LOAD obj/default/application/jpegclib/jmemmgr.o
LOAD obj/default/application/jpegclib/jquant1.o
LOAD obj/default/application/jpegclib/jquant2.o
LOAD obj/default/application/jpegclib/jutils.o
LOAD obj/default/jpeg_encoder.o
LOAD g:/new folder/nios2eds/bin/gnu/h-i686-mingw32/bin/../lib/gcc/nios2-elf/4.1.2/../../../../nios2-elf/lib\libstdc++.a
LOAD g:/new folder/nios2eds/bin/gnu/h-i686-mingw32/bin/../lib/gcc/nios2-elf/4.1.2/../../../../nios2-elf/lib\libm.a
LOAD g:/new folder/nios2eds/bin/gnu/h-i686-mingw32/bin/../lib/gcc/nios2-elf/4.1.2\libgcc.a
START GROUP
LOAD g:/new folder/nios2eds/bin/gnu/h-i686-mingw32/bin/../lib/gcc/nios2-elf/4.1.2/../../../../nios2-elf/lib\libc.a
LOAD g:/new folder/nios2eds/bin/gnu/h-i686-mingw32/bin/../lib/gcc/nios2-elf/4.1.2\libgcc.a
LOAD ../Test_bsp/\libhal_bsp.a
END GROUP
LOAD g:/new folder/nios2eds/bin/gnu/h-i686-mingw32/bin/../lib/gcc/nios2-elf/4.1.2\libgcc.a
                0x00000000                __alt_mem_sdram = 0x0
                0x08200000                __alt_mem_onchip_mem = 0x8200000

.entry          0x08200000       0x20
 *(.entry)
 .entry         0x08200000       0x20 ../Test_bsp//obj/HAL/src/crt0.o
                0x08200000                __reset

.exceptions     0x08200020      0x194 load address 0x00000000
                0x08200020                PROVIDE (__ram_exceptions_start, ABSOLUTE (.))
                0x08200020                . = ALIGN (0x20)
 *(.irq)
 *(.exceptions.entry.label)
 .exceptions.entry.label
                0x08200020        0x0 ../Test_bsp/\libhal_bsp.a(alt_irq_entry.o)
                0x08200020                alt_irq_entry
 .exceptions.entry.label
                0x08200020        0x0 ../Test_bsp/\libhal_bsp.a(alt_exception_entry.o)
                0x08200020                alt_exception
 *(.exceptions.entry.user)
 *(.exceptions.entry)
 .exceptions.entry
                0x08200020       0x54 ../Test_bsp/\libhal_bsp.a(alt_exception_entry.o)
 *(.exceptions.irqtest.user)
 *(.exceptions.irqtest)
 .exceptions.irqtest
                0x08200074       0x10 ../Test_bsp/\libhal_bsp.a(alt_irq_entry.o)
 *(.exceptions.irqhandler.user)
 *(.exceptions.irqhandler)
 .exceptions.irqhandler
                0x08200084        0x4 ../Test_bsp/\libhal_bsp.a(alt_irq_entry.o)
 *(.exceptions.irqreturn.user)
 *(.exceptions.irqreturn)
 .exceptions.irqreturn
                0x08200088        0x4 ../Test_bsp/\libhal_bsp.a(alt_irq_entry.o)
 *(.exceptions.notirq.label)
 .exceptions.notirq.label
                0x0820008c        0x0 ../Test_bsp/\libhal_bsp.a(alt_irq_entry.o)
 *(.exceptions.notirq.user)
 *(.exceptions.notirq)
 .exceptions.notirq
                0x0820008c        0x8 ../Test_bsp/\libhal_bsp.a(alt_exception_entry.o)
 *(.exceptions.soft.user)
 *(.exceptions.soft)
 *(.exceptions.unknown.user)
 *(.exceptions.unknown)
 .exceptions.unknown
                0x08200094        0x4 ../Test_bsp/\libhal_bsp.a(alt_exception_entry.o)
 *(.exceptions.exit.label)
 .exceptions.exit.label
                0x08200098        0x0 ../Test_bsp/\libhal_bsp.a(alt_irq_entry.o)
 .exceptions.exit.label
                0x08200098        0x0 ../Test_bsp/\libhal_bsp.a(alt_exception_entry.o)
 *(.exceptions.exit.user)
 *(.exceptions.exit)
 .exceptions.exit
                0x08200098       0x54 ../Test_bsp/\libhal_bsp.a(alt_exception_entry.o)
 *(.exceptions)
 .exceptions    0x082000ec       0xc8 ../Test_bsp/\libhal_bsp.a(alt_irq_handler.o)
                0x082000ec                alt_irq_handler
                0x082001b4                PROVIDE (__ram_exceptions_end, ABSOLUTE (.))
                0x00000000                PROVIDE (__flash_exceptions_start, LOADADDR (.exceptions))

.text           0x00000194    0x3e250
                0x00000194                PROVIDE (stext, ABSOLUTE (.))
 *(.interp)
 *(.hash)
 *(.dynsym)
 *(.dynstr)
 *(.gnu.version)
 *(.gnu.version_d)
 *(.gnu.version_r)
 *(.rel.init)
 *(.rela.init)
 *(.rel.text .rel.text.* .rel.gnu.linkonce.t.*)
 *(.rela.text .rela.text.* .rela.gnu.linkonce.t.*)
 *(.rel.fini)
 *(.rela.fini)
 *(.rel.rodata .rel.rodata.* .rel.gnu.linkonce.r.*)
 *(.rela.rodata .rela.rodata.* .rela.gnu.linkonce.r.*)
 *(.rel.data .rel.data.* .rel.gnu.linkonce.d.*)
 *(.rela.data .rela.data.* .rela.gnu.linkonce.d.*)
 *(.rel.tdata .rel.tdata.* .rel.gnu.linkonce.td.*)
 *(.rela.tdata .rela.tdata.* .rela.gnu.linkonce.td.*)
 *(.rel.tbss .rel.tbss.* .rel.gnu.linkonce.tb.*)
 *(.rela.tbss .rela.tbss.* .rela.gnu.linkonce.tb.*)
 *(.rel.ctors)
 *(.rela.ctors)
 *(.rel.dtors)
 *(.rela.dtors)
 *(.rel.got)
 *(.rela.got)
 *(.rel.sdata .rel.sdata.* .rel.gnu.linkonce.s.*)
 *(.rela.sdata .rela.sdata.* .rela.gnu.linkonce.s.*)
 *(.rel.sbss .rel.sbss.* .rel.gnu.linkonce.sb.*)
 *(.rela.sbss .rela.sbss.* .rela.gnu.linkonce.sb.*)
 *(.rel.sdata2 .rel.sdata2.* .rel.gnu.linkonce.s2.*)
 *(.rela.sdata2 .rela.sdata2.* .rela.gnu.linkonce.s2.*)
 *(.rel.sbss2 .rel.sbss2.* .rel.gnu.linkonce.sb2.*)
 *(.rela.sbss2 .rela.sbss2.* .rela.gnu.linkonce.sb2.*)
 *(.rel.bss .rel.bss.* .rel.gnu.linkonce.b.*)
 *(.rela.bss .rela.bss.* .rela.gnu.linkonce.b.*)
 *(.rel.plt)
 *(.rela.plt)
 *(.rel.dyn)
 *(.init)
 *(.plt)
 *(.text .stub .text.* .gnu.linkonce.t.*)
 .text          0x00000194       0x3c ../Test_bsp//obj/HAL/src/crt0.o
                0x00000194                _start
 .text          0x000001d0      0x478 obj/default/application/bmp_extract.o
                0x000001d0                bmp_extract_header
                0x000002f8                bmp_rearrange_comps
                0x000004b0                bmp_extract
 .text          0x00000648      0x154 obj/default/application/jpeg_encoding.o
                0x00000648                jpeg_encode
 .text          0x0000079c      0x1d8 obj/default/application/jpegclib/cdjpeg.o
                0x0000079c                keymatch
                0x0000090c                read_stdin
                0x00000940                write_stdout
 .text          0x00000974        0x0 obj/default/application/jpegclib/jaricom.o
 .text          0x00000974      0x8a0 obj/default/application/jpegclib/jcapimin.o
                0x00000974                jpeg_CreateCompress
                0x00000bb8                jpeg_destroy_compress
                0x00000be8                jpeg_abort_compress
                0x00000c18                jpeg_suppress_tables
                0x00000d24                jpeg_finish_compress
                0x00000f2c                jpeg_write_marker
                0x00001044                jpeg_write_m_header
                0x00001108                jpeg_write_m_byte
                0x0000114c                jpeg_write_tables
 .text          0x00001214      0x468 obj/default/application/jpegclib/jcapistd.o
                0x00001214                jpeg_start_compress
                0x00001320                jpeg_write_scanlines
                0x000014b8                jpeg_write_raw_data
 .text          0x0000167c     0x2638 obj/default/application/jpegclib/jcarith.o
                0x00003bdc                jinit_arith_encoder
 .text          0x00003cb4      0xf28 obj/default/application/jpegclib/jccoefct.o
                0x00004a04                jinit_c_coef_controller
 .text          0x00004bdc     0x1090 obj/default/application/jpegclib/jccolor.o
                0x000056e8                jinit_color_converter
 .text          0x00005c6c      0xb78 obj/default/application/jpegclib/jcdctmgr.o
                0x00006728                jinit_forward_dct
 .text          0x000067e4     0x3808 obj/default/application/jpegclib/jchuff.o
                0x00009eac                jinit_huff_encoder
 .text          0x00009fec      0x118 obj/default/application/jpegclib/jcinit.o
                0x00009fec                jinit_compress_master
 .text          0x0000a104      0x380 obj/default/application/jpegclib/jcmainct.o
                0x0000a32c                jinit_c_main_controller
 .text          0x0000a484     0x1438 obj/default/application/jpegclib/jcmarker.o
                0x0000b7f0                jinit_marker_writer
 .text          0x0000b8bc     0x1d64 obj/default/application/jpegclib/jcmaster.o
                0x0000b8bc                jpeg_calc_jpeg_dimensions
                0x0000d460                jinit_c_master_control
 .text          0x0000d620      0x1b0 obj/default/application/jpegclib/jcomapi.o
                0x0000d620                jpeg_abort
                0x0000d6cc                jpeg_destroy
                0x0000d728                jpeg_alloc_quant_table
                0x0000d77c                jpeg_alloc_huff_table
 .text          0x0000d7d0     0x1544 obj/default/application/jpegclib/jcparam.o
                0x0000d7d0                jpeg_add_quant_table
                0x0000d9ac                jpeg_default_qtables
                0x0000da20                jpeg_set_linear_quality
                0x0000da90                jpeg_quality_scaling
                0x0000db1c                jpeg_set_quality
                0x0000dd40                jpeg_set_defaults
                0x0000df44                jpeg_default_colorspace
                0x0000e044                jpeg_set_colorspace
                0x0000e96c                jpeg_simple_progression
 .text          0x0000ed14      0xbd0 obj/default/application/jpegclib/jcprepct.o
                0x0000f738                jinit_c_prep_controller
 .text          0x0000f8e4     0x1628 obj/default/application/jpegclib/jcsample.o
                0x00010b24                jinit_downsampler
 .text          0x00010f0c      0xc40 obj/default/application/jpegclib/jctrans.o
                0x00010f0c                jpeg_write_coefficients
                0x00010fd4                jpeg_copy_critical_parameters
 .text          0x00011b4c      0x620 obj/default/application/jpegclib/jdatadst.o
                0x00011eec                jpeg_stdio_dest
                0x00011f98                jpeg_mem_dest
 .text          0x0001216c      0x44c obj/default/application/jpegclib/jerror.o
                0x000124f8                jpeg_std_error
 .text          0x000125b8      0x730 obj/default/application/jpegclib/jfdctflt.o
                0x000125b8                jpeg_fdct_float
 .text          0x00012ce8      0x668 obj/default/application/jpegclib/jfdctfst.o
                0x00012ce8                jpeg_fdct_ifast
 .text          0x00013350      0x788 obj/default/application/jpegclib/jfdctint.o
                0x00013350                jpeg_fdct_islow
 .text          0x00013ad8      0xaf0 obj/default/application/jpegclib/jidctflt.o
                0x00013ad8                jpeg_idct_float
 .text          0x000145c8      0xac8 obj/default/application/jpegclib/jidctfst.o
                0x000145c8                jpeg_idct_ifast
 .text          0x00015090     0xf0ac obj/default/application/jpegclib/jidctint.o
                0x00015090                jpeg_idct_islow
                0x00015c58                jpeg_idct_7x7
                0x000163fc                jpeg_idct_6x6
                0x000169c8                jpeg_idct_5x5
                0x00016ecc                jpeg_idct_4x4
                0x000172a8                jpeg_idct_3x3
                0x000175bc                jpeg_idct_2x2
                0x000177dc                jpeg_idct_1x1
                0x00017884                jpeg_idct_9x9
                0x0001812c                jpeg_idct_10x10
                0x00018ac8                jpeg_idct_11x11
                0x000195b8                jpeg_idct_12x12
                0x0001a09c                jpeg_idct_13x13
                0x0001ad1c                jpeg_idct_14x14
                0x0001b988                jpeg_idct_15x15
                0x0001c698                jpeg_idct_16x16
                0x0001d564                jpeg_idct_16x8
                0x0001e340                jpeg_idct_14x7
                0x0001ed7c                jpeg_idct_12x6
                0x0001f5f4                jpeg_idct_10x5
                0x0001fd4c                jpeg_idct_8x4
                0x0002038c                jpeg_idct_6x3
                0x000207f0                jpeg_idct_4x2
                0x00020ac4                jpeg_idct_2x1
                0x00020bd8                jpeg_idct_8x16
                0x00021750                jpeg_idct_7x14
                0x00022124                jpeg_idct_6x12
                0x0002295c                jpeg_idct_5x10
                0x000230a4                jpeg_idct_4x8
                0x000238c8                jpeg_idct_3x6
                0x00023d44                jpeg_idct_2x4
                0x00024024                jpeg_idct_1x2
 .text          0x0002413c      0x3d0 obj/default/application/jpegclib/jmemansi.o
                0x0002413c                jpeg_get_small
                0x00024170                jpeg_free_small
                0x000241a8                jpeg_get_large
                0x000241dc                jpeg_free_large
                0x00024214                jpeg_mem_available
                0x00024404                jpeg_open_backing_store
                0x000244c4                jpeg_mem_init
                0x000244ec                jpeg_mem_term
 .text          0x0002450c     0x1de0 obj/default/application/jpegclib/jmemmgr.o
                0x0002603c                jinit_memory_mgr
 .text          0x000262ec     0x1a28 obj/default/application/jpegclib/jquant1.o
                0x00027bd0                jinit_1pass_quantizer
 .text          0x00027d14     0x2af4 obj/default/application/jpegclib/jquant2.o
                0x0002a570                jinit_2pass_quantizer
 .text          0x0002a808      0x1f4 obj/default/application/jpegclib/jutils.o
                0x0002a808                jdiv_round_up
                0x0002a84c                jround_up
                0x0002a8a4                jcopy_sample_rows
                0x0002a970                jcopy_block_row
                0x0002a9bc                jzero_far
 .text          0x0002a9fc      0x1ac obj/default/jpeg_encoder.o
                0x0002a9fc                main
                0x0002aa74                convert_picture
 .text          0x0002aba8      0x2b8 g:/new folder/nios2eds/bin/gnu/h-i686-mingw32/bin/../lib/gcc/nios2-elf/4.1.2\libgcc.a(_addsub_sf.o)
                0x0002ad8c                __subsf3
                0x0002adfc                __addsf3
 .text          0x0002ae60      0x1e0 g:/new folder/nios2eds/bin/gnu/h-i686-mingw32/bin/../lib/gcc/nios2-elf/4.1.2\libgcc.a(_mul_sf.o)
                0x0002ae60                __mulsf3
 .text          0x0002b040       0x98 g:/new folder/nios2eds/bin/gnu/h-i686-mingw32/bin/../lib/gcc/nios2-elf/4.1.2\libgcc.a(_si_to_sf.o)
                0x0002b040                __floatsisf
 .text          0x0002b0d8       0x94 g:/new folder/nios2eds/bin/gnu/h-i686-mingw32/bin/../lib/gcc/nios2-elf/4.1.2\libgcc.a(_sf_to_si.o)
                0x0002b0d8                __fixsfsi
 .text          0x0002b16c        0x0 g:/new folder/nios2eds/bin/gnu/h-i686-mingw32/bin/../lib/gcc/nios2-elf/4.1.2\libgcc.a(_thenan_sf.o)
 .text          0x0002b16c      0x3c4 g:/new folder/nios2eds/bin/gnu/h-i686-mingw32/bin/../lib/gcc/nios2-elf/4.1.2\libgcc.a(_mul_df.o)
                0x0002b16c                __muldf3
 .text          0x0002b530      0x258 g:/new folder/nios2eds/bin/gnu/h-i686-mingw32/bin/../lib/gcc/nios2-elf/4.1.2\libgcc.a(_div_df.o)
                0x0002b530                __divdf3
 .text          0x0002b788       0x74 g:/new folder/nios2eds/bin/gnu/h-i686-mingw32/bin/../lib/gcc/nios2-elf/4.1.2\libgcc.a(_df_to_sf.o)
                0x0002b788                __truncdfsf2
 .text          0x0002b7fc        0x0 g:/new folder/nios2eds/bin/gnu/h-i686-mingw32/bin/../lib/gcc/nios2-elf/4.1.2\libgcc.a(_thenan_df.o)
 .text          0x0002b7fc      0x194 g:/new folder/nios2eds/bin/gnu/h-i686-mingw32/bin/../lib/gcc/nios2-elf/4.1.2\libgcc.a(_usi_to_df.o)
                0x0002b7fc                __floatunsidf
 .text          0x0002b990      0x14c g:/new folder/nios2eds/bin/gnu/h-i686-mingw32/bin/../lib/gcc/nios2-elf/4.1.2\libgcc.a(lib2-divmod.o)
                0x0002ba0c                __divsi3
                0x0002ba6c                __modsi3
                0x0002bacc                __udivsi3
                0x0002bad4                __umodsi3
 .text          0x0002badc       0x98 g:/new folder/nios2eds/bin/gnu/h-i686-mingw32/bin/../lib/gcc/nios2-elf/4.1.2\libgcc.a(_muldi3.o)
                0x0002badc                __muldi3
 .text          0x0002bb74       0x80 g:/new folder/nios2eds/bin/gnu/h-i686-mingw32/bin/../lib/gcc/nios2-elf/4.1.2\libgcc.a(_clzsi2.o)
                0x0002bb74                __clzsi2
 .text          0x0002bbf4      0x160 g:/new folder/nios2eds/bin/gnu/h-i686-mingw32/bin/../lib/gcc/nios2-elf/4.1.2\libgcc.a(_pack_sf.o)
                0x0002bbf4                __pack_f
 .text          0x0002bd54       0xc8 g:/new folder/nios2eds/bin/gnu/h-i686-mingw32/bin/../lib/gcc/nios2-elf/4.1.2\libgcc.a(_unpack_sf.o)
                0x0002bd54                __unpack_f
 .text          0x0002be1c       0x2c g:/new folder/nios2eds/bin/gnu/h-i686-mingw32/bin/../lib/gcc/nios2-elf/4.1.2\libgcc.a(_make_sf.o)
                0x0002be1c                __make_fp
 .text          0x0002be48      0x314 g:/new folder/nios2eds/bin/gnu/h-i686-mingw32/bin/../lib/gcc/nios2-elf/4.1.2\libgcc.a(_pack_df.o)
                0x0002be48                __pack_d
 .text          0x0002c15c      0x138 g:/new folder/nios2eds/bin/gnu/h-i686-mingw32/bin/../lib/gcc/nios2-elf/4.1.2\libgcc.a(_unpack_df.o)
                0x0002c15c                __unpack_d
 .text          0x0002c294        0x0 g:/new folder/nios2eds/bin/gnu/h-i686-mingw32/bin/../lib/gcc/nios2-elf/4.1.2\libgcc.a(_clz.o)
 .text          0x0002c294        0x0 g:/new folder/nios2eds/bin/gnu/h-i686-mingw32/bin/../lib/gcc/nios2-elf/4.1.2/../../../../nios2-elf/lib\libc.a(lib_a-ctype_.o)
 .text          0x0002c294       0x38 g:/new folder/nios2eds/bin/gnu/h-i686-mingw32/bin/../lib/gcc/nios2-elf/4.1.2/../../../../nios2-elf/lib\libc.a(lib_a-exit.o)
                0x0002c294                exit
 .text          0x0002c2cc      0x124 g:/new folder/nios2eds/bin/gnu/h-i686-mingw32/bin/../lib/gcc/nios2-elf/4.1.2/../../../../nios2-elf/lib\libc.a(lib_a-fclose.o)
                0x0002c2cc                _fclose_r
                0x0002c3dc                fclose
 .text          0x0002c3f0      0x230 g:/new folder/nios2eds/bin/gnu/h-i686-mingw32/bin/../lib/gcc/nios2-elf/4.1.2/../../../../nios2-elf/lib\libc.a(lib_a-fflush.o)
                0x0002c3f0                _fflush_r
                0x0002c5ec                fflush
 .text          0x0002c620      0x2c0 g:/new folder/nios2eds/bin/gnu/h-i686-mingw32/bin/../lib/gcc/nios2-elf/4.1.2/../../../../nios2-elf/lib\libc.a(lib_a-findfp.o)
                0x0002c678                __sfp_lock_acquire
                0x0002c67c                __sfp_lock_release
                0x0002c680                __sinit_lock_acquire
                0x0002c684                __sinit_lock_release
                0x0002c688                __sinit
                0x0002c73c                __fp_unlock_all
                0x0002c754                __fp_lock_all
                0x0002c76c                _cleanup_r
                0x0002c778                _cleanup
                0x0002c788                __sfmoreglue
                0x0002c7f0                __sfp
 .text          0x0002c8e0      0x110 g:/new folder/nios2eds/bin/gnu/h-i686-mingw32/bin/../lib/gcc/nios2-elf/4.1.2/../../../../nios2-elf/lib\libc.a(lib_a-fopen.o)
                0x0002c8e0                _fopen_r
                0x0002c9d4                fopen
 .text          0x0002c9f0       0x60 g:/new folder/nios2eds/bin/gnu/h-i686-mingw32/bin/../lib/gcc/nios2-elf/4.1.2/../../../../nios2-elf/lib\libc.a(lib_a-fprintf.o)
                0x0002c9f0                fprintf
                0x0002ca1c                _fprintf_r
 .text          0x0002ca50      0x23c g:/new folder/nios2eds/bin/gnu/h-i686-mingw32/bin/../lib/gcc/nios2-elf/4.1.2/../../../../nios2-elf/lib\libc.a(lib_a-fread.o)
                0x0002ca50                _fread_r
                0x0002cc4c                fread
 .text          0x0002cc8c      0x440 g:/new folder/nios2eds/bin/gnu/h-i686-mingw32/bin/../lib/gcc/nios2-elf/4.1.2/../../../../nios2-elf/lib\libc.a(lib_a-freer.o)
                0x0002cc8c                _malloc_trim_r
                0x0002cdb8                _free_r
 .text          0x0002d0cc      0x460 g:/new folder/nios2eds/bin/gnu/h-i686-mingw32/bin/../lib/gcc/nios2-elf/4.1.2/../../../../nios2-elf/lib\libc.a(lib_a-fseek.o)
                0x0002d0cc                _fseek_r
                0x0002d508                fseek
 .text          0x0002d52c       0x74 g:/new folder/nios2eds/bin/gnu/h-i686-mingw32/bin/../lib/gcc/nios2-elf/4.1.2/../../../../nios2-elf/lib\libc.a(lib_a-fstatr.o)
                0x0002d52c                _fstat_r
 .text          0x0002d5a0      0x10c g:/new folder/nios2eds/bin/gnu/h-i686-mingw32/bin/../lib/gcc/nios2-elf/4.1.2/../../../../nios2-elf/lib\libc.a(lib_a-ftell.o)
                0x0002d5a0                _ftell_r
                0x0002d698                ftell
 .text          0x0002d6ac      0x180 g:/new folder/nios2eds/bin/gnu/h-i686-mingw32/bin/../lib/gcc/nios2-elf/4.1.2/../../../../nios2-elf/lib\libc.a(lib_a-fwalk.o)
                0x0002d6ac                _fwalk_reent
                0x0002d774                _fwalk
 .text          0x0002d82c       0xdc g:/new folder/nios2eds/bin/gnu/h-i686-mingw32/bin/../lib/gcc/nios2-elf/4.1.2/../../../../nios2-elf/lib\libc.a(lib_a-fwrite.o)
                0x0002d82c                _fwrite_r
                0x0002d8c8                fwrite
 .text          0x0002d908       0x48 g:/new folder/nios2eds/bin/gnu/h-i686-mingw32/bin/../lib/gcc/nios2-elf/4.1.2/../../../../nios2-elf/lib\libc.a(lib_a-getenv.o)
                0x0002d908                getenv
                0x0002d934                _findenv
 .text          0x0002d950      0x128 g:/new folder/nios2eds/bin/gnu/h-i686-mingw32/bin/../lib/gcc/nios2-elf/4.1.2/../../../../nios2-elf/lib\libc.a(lib_a-getenv_r.o)
                0x0002d950                _findenv_r
                0x0002da5c                _getenv_r
 .text          0x0002da78        0x0 g:/new folder/nios2eds/bin/gnu/h-i686-mingw32/bin/../lib/gcc/nios2-elf/4.1.2/../../../../nios2-elf/lib\libc.a(lib_a-impure.o)
 .text          0x0002da78        0x0 g:/new folder/nios2eds/bin/gnu/h-i686-mingw32/bin/../lib/gcc/nios2-elf/4.1.2/../../../../nios2-elf/lib\libc.a(lib_a-int_errno.o)
 .text          0x0002da78      0x194 g:/new folder/nios2eds/bin/gnu/h-i686-mingw32/bin/../lib/gcc/nios2-elf/4.1.2/../../../../nios2-elf/lib\libc.a(lib_a-makebuf.o)
                0x0002da78                __smakebuf_r
 .text          0x0002dc0c       0x28 g:/new folder/nios2eds/bin/gnu/h-i686-mingw32/bin/../lib/gcc/nios2-elf/4.1.2/../../../../nios2-elf/lib\libc.a(lib_a-malloc.o)
                0x0002dc0c                free
                0x0002dc20                malloc
 .text          0x0002dc34      0x740 g:/new folder/nios2eds/bin/gnu/h-i686-mingw32/bin/../lib/gcc/nios2-elf/4.1.2/../../../../nios2-elf/lib\libc.a(lib_a-mallocr.o)
                0x0002dc34                _malloc_r
 .text          0x0002e374       0xa0 g:/new folder/nios2eds/bin/gnu/h-i686-mingw32/bin/../lib/gcc/nios2-elf/4.1.2/../../../../nios2-elf/lib\libc.a(lib_a-memcpy.o)
                0x0002e374                memcpy
 .text          0x0002e414       0x98 g:/new folder/nios2eds/bin/gnu/h-i686-mingw32/bin/../lib/gcc/nios2-elf/4.1.2/../../../../nios2-elf/lib\libc.a(lib_a-memset.o)
                0x0002e414                memset
 .text          0x0002e4ac       0x78 g:/new folder/nios2eds/bin/gnu/h-i686-mingw32/bin/../lib/gcc/nios2-elf/4.1.2/../../../../nios2-elf/lib\libc.a(lib_a-openr.o)
                0x0002e4ac                _open_r
 .text          0x0002e524       0x78 g:/new folder/nios2eds/bin/gnu/h-i686-mingw32/bin/../lib/gcc/nios2-elf/4.1.2/../../../../nios2-elf/lib\libc.a(lib_a-printf.o)
                0x0002e524                printf
                0x0002e568                _printf_r
 .text          0x0002e59c       0xb4 g:/new folder/nios2eds/bin/gnu/h-i686-mingw32/bin/../lib/gcc/nios2-elf/4.1.2/../../../../nios2-elf/lib\libc.a(lib_a-puts.o)
                0x0002e59c                _puts_r
                0x0002e63c                puts
 .text          0x0002e650      0x1e0 g:/new folder/nios2eds/bin/gnu/h-i686-mingw32/bin/../lib/gcc/nios2-elf/4.1.2/../../../../nios2-elf/lib\libc.a(lib_a-refill.o)
                0x0002e650                __srefill_r
 .text          0x0002e830       0x4c g:/new folder/nios2eds/bin/gnu/h-i686-mingw32/bin/../lib/gcc/nios2-elf/4.1.2/../../../../nios2-elf/lib\libc.a(lib_a-rewind.o)
                0x0002e830                _rewind_r
                0x0002e868                rewind
 .text          0x0002e87c       0x70 g:/new folder/nios2eds/bin/gnu/h-i686-mingw32/bin/../lib/gcc/nios2-elf/4.1.2/../../../../nios2-elf/lib\libc.a(lib_a-sbrkr.o)
                0x0002e87c                _sbrk_r
 .text          0x0002e8ec       0x7c g:/new folder/nios2eds/bin/gnu/h-i686-mingw32/bin/../lib/gcc/nios2-elf/4.1.2/../../../../nios2-elf/lib\libc.a(lib_a-scanf.o)
                0x0002e8ec                _scanf_r
                0x0002e920                scanf
 .text          0x0002e968       0xd4 g:/new folder/nios2eds/bin/gnu/h-i686-mingw32/bin/../lib/gcc/nios2-elf/4.1.2/../../../../nios2-elf/lib\libc.a(lib_a-sprintf.o)
                0x0002e968                sprintf
                0x0002e9dc                _sprintf_r
 .text          0x0002ea3c      0x114 g:/new folder/nios2eds/bin/gnu/h-i686-mingw32/bin/../lib/gcc/nios2-elf/4.1.2/../../../../nios2-elf/lib\libc.a(lib_a-sscanf.o)
                0x0002ea44                _sscanf_r
                0x0002eacc                sscanf
 .text          0x0002eb50      0x14c g:/new folder/nios2eds/bin/gnu/h-i686-mingw32/bin/../lib/gcc/nios2-elf/4.1.2/../../../../nios2-elf/lib\libc.a(lib_a-stdio.o)
                0x0002eb50                __sclose
                0x0002eb58                __sseek
                0x0002ebc0                __swrite
                0x0002ec3c                __sread
 .text          0x0002ec9c       0x90 g:/new folder/nios2eds/bin/gnu/h-i686-mingw32/bin/../lib/gcc/nios2-elf/4.1.2/../../../../nios2-elf/lib\libc.a(lib_a-strcat.o)
                0x0002ec9c                strcat
 .text          0x0002ed2c       0xbc g:/new folder/nios2eds/bin/gnu/h-i686-mingw32/bin/../lib/gcc/nios2-elf/4.1.2/../../../../nios2-elf/lib\libc.a(lib_a-strcmp.o)
                0x0002ed2c                strcmp
 .text          0x0002ede8       0x8c g:/new folder/nios2eds/bin/gnu/h-i686-mingw32/bin/../lib/gcc/nios2-elf/4.1.2/../../../../nios2-elf/lib\libc.a(lib_a-strcpy.o)
                0x0002ede8                strcpy
 .text          0x0002ee74       0x74 g:/new folder/nios2eds/bin/gnu/h-i686-mingw32/bin/../lib/gcc/nios2-elf/4.1.2/../../../../nios2-elf/lib\libc.a(lib_a-strlen.o)
                0x0002ee74                strlen
 .text          0x0002eee8       0xf0 g:/new folder/nios2eds/bin/gnu/h-i686-mingw32/bin/../lib/gcc/nios2-elf/4.1.2/../../../../nios2-elf/lib\libc.a(lib_a-strncmp.o)
                0x0002eee8                strncmp
 .text          0x0002efd8       0xbc g:/new folder/nios2eds/bin/gnu/h-i686-mingw32/bin/../lib/gcc/nios2-elf/4.1.2/../../../../nios2-elf/lib\libc.a(lib_a-strncpy.o)
                0x0002efd8                strncpy
 .text          0x0002f094       0xd8 g:/new folder/nios2eds/bin/gnu/h-i686-mingw32/bin/../lib/gcc/nios2-elf/4.1.2/../../../../nios2-elf/lib\libc.a(lib_a-tmpfile.o)
                0x0002f094                _tmpfile_r
                0x0002f15c                tmpfile
 .text          0x0002f16c      0x27c g:/new folder/nios2eds/bin/gnu/h-i686-mingw32/bin/../lib/gcc/nios2-elf/4.1.2/../../../../nios2-elf/lib\libc.a(lib_a-tmpnam.o)
                0x0002f244                _tempnam_r
                0x0002f320                tempnam
                0x0002f33c                _tmpnam_r
                0x0002f3d4                tmpnam
 .text          0x0002f3e8     0x1f28 g:/new folder/nios2eds/bin/gnu/h-i686-mingw32/bin/../lib/gcc/nios2-elf/4.1.2/../../../../nios2-elf/lib\libc.a(lib_a-vfprintf.o)
                0x0002f440                ___vfprintf_internal_r
                0x000312ec                __vfprintf_internal
 .text          0x00031310     0x1780 g:/new folder/nios2eds/bin/gnu/h-i686-mingw32/bin/../lib/gcc/nios2-elf/4.1.2/../../../../nios2-elf/lib\libc.a(lib_a-vfscanf.o)
                0x00031310                __svfscanf_r
                0x00032990                __svfscanf
                0x000329b4                _vfscanf_r
                0x00032a1c                vfscanf
 .text          0x00032a90       0x78 g:/new folder/nios2eds/bin/gnu/h-i686-mingw32/bin/../lib/gcc/nios2-elf/4.1.2/../../../../nios2-elf/lib\libc.a(lib_a-writer.o)
                0x00032a90                _write_r
 .text          0x00032b08      0x13c g:/new folder/nios2eds/bin/gnu/h-i686-mingw32/bin/../lib/gcc/nios2-elf/4.1.2/../../../../nios2-elf/lib\libc.a(lib_a-wsetup.o)
                0x00032b08                __swsetup_r
 .text          0x00032c44      0x1b4 g:/new folder/nios2eds/bin/gnu/h-i686-mingw32/bin/../lib/gcc/nios2-elf/4.1.2/../../../../nios2-elf/lib\libc.a(lib_a-__call_atexit.o)
                0x00032c48                __call_exitprocs
 .text          0x00032df8       0x70 g:/new folder/nios2eds/bin/gnu/h-i686-mingw32/bin/../lib/gcc/nios2-elf/4.1.2/../../../../nios2-elf/lib\libc.a(lib_a-closer.o)
                0x00032df8                _close_r
 .text          0x00032e68     0x17cc g:/new folder/nios2eds/bin/gnu/h-i686-mingw32/bin/../lib/gcc/nios2-elf/4.1.2/../../../../nios2-elf/lib\libc.a(lib_a-dtoa.o)
                0x00033080                _dtoa_r
 .text          0x00034634        0x0 g:/new folder/nios2eds/bin/gnu/h-i686-mingw32/bin/../lib/gcc/nios2-elf/4.1.2/../../../../nios2-elf/lib\libc.a(lib_a-environ.o)
 .text          0x00034634       0xbc g:/new folder/nios2eds/bin/gnu/h-i686-mingw32/bin/../lib/gcc/nios2-elf/4.1.2/../../../../nios2-elf/lib\libc.a(lib_a-fdopen.o)
                0x00034634                _fdopen_r
                0x000346d4                fdopen
 .text          0x000346f0       0xa0 g:/new folder/nios2eds/bin/gnu/h-i686-mingw32/bin/../lib/gcc/nios2-elf/4.1.2/../../../../nios2-elf/lib\libc.a(lib_a-flags.o)
                0x000346f0                __sflags
 .text          0x00034790      0x49c g:/new folder/nios2eds/bin/gnu/h-i686-mingw32/bin/../lib/gcc/nios2-elf/4.1.2/../../../../nios2-elf/lib\libc.a(lib_a-fvwrite.o)
                0x00034790                __sfvwrite_r
 .text          0x00034c2c       0x70 g:/new folder/nios2eds/bin/gnu/h-i686-mingw32/bin/../lib/gcc/nios2-elf/4.1.2/../../../../nios2-elf/lib\libc.a(lib_a-isattyr.o)
                0x00034c2c                _isatty_r
 .text          0x00034c9c       0x2c g:/new folder/nios2eds/bin/gnu/h-i686-mingw32/bin/../lib/gcc/nios2-elf/4.1.2/../../../../nios2-elf/lib\libc.a(lib_a-iswspace.o)
                0x00034c9c                iswspace
 .text          0x00034cc8       0xc4 g:/new folder/nios2eds/bin/gnu/h-i686-mingw32/bin/../lib/gcc/nios2-elf/4.1.2/../../../../nios2-elf/lib\libc.a(lib_a-locale.o)
                0x00034cc8                __locale_charset
                0x00034cd0                _localeconv_r
                0x00034cdc                localeconv
                0x00034cec                _setlocale_r
                0x00034d70                setlocale
 .text          0x00034d8c       0x78 g:/new folder/nios2eds/bin/gnu/h-i686-mingw32/bin/../lib/gcc/nios2-elf/4.1.2/../../../../nios2-elf/lib\libc.a(lib_a-lseekr.o)
                0x00034d8c                _lseek_r
 .text          0x00034e04       0xc0 g:/new folder/nios2eds/bin/gnu/h-i686-mingw32/bin/../lib/gcc/nios2-elf/4.1.2/../../../../nios2-elf/lib\libc.a(lib_a-mbrtowc.o)
                0x00034e04                _mbrtowc_r
                0x00034e84                mbrtowc
 .text          0x00034ec4       0x40 g:/new folder/nios2eds/bin/gnu/h-i686-mingw32/bin/../lib/gcc/nios2-elf/4.1.2/../../../../nios2-elf/lib\libc.a(lib_a-mbtowc_r.o)
                0x00034ec4                _mbtowc_r
 .text          0x00034f04       0xe4 g:/new folder/nios2eds/bin/gnu/h-i686-mingw32/bin/../lib/gcc/nios2-elf/4.1.2/../../../../nios2-elf/lib\libc.a(lib_a-memchr.o)
                0x00034f04                memchr
 .text          0x00034fe8       0xe0 g:/new folder/nios2eds/bin/gnu/h-i686-mingw32/bin/../lib/gcc/nios2-elf/4.1.2/../../../../nios2-elf/lib\libc.a(lib_a-memmove.o)
                0x00034fe8                memmove
 .text          0x000350c8      0xff4 g:/new folder/nios2eds/bin/gnu/h-i686-mingw32/bin/../lib/gcc/nios2-elf/4.1.2/../../../../nios2-elf/lib\libc.a(lib_a-mprec.o)
                0x000350c8                _Bfree
                0x000350f0                __hi0bits
                0x00035160                __lo0bits
                0x00035224                __mcmp
                0x00035284                __ulp
                0x00035304                __b2d
                0x00035424                __ratio
                0x000354d4                _mprec_log10
                0x00035568                __copybits
                0x000355c0                __any_on
                0x00035648                _Balloc
                0x00035704                __d2b
                0x00035880                __mdiff
                0x00035a0c                __lshift
                0x00035b58                __multiply
                0x00035d40                __i2b
                0x00035d7c                __multadd
                0x00035e7c                __pow5mult
                0x00035f9c                __s2b
 .text          0x000360bc       0x78 g:/new folder/nios2eds/bin/gnu/h-i686-mingw32/bin/../lib/gcc/nios2-elf/4.1.2/../../../../nios2-elf/lib\libc.a(lib_a-readr.o)
                0x000360bc                _read_r
 .text          0x00036134      0x5f4 g:/new folder/nios2eds/bin/gnu/h-i686-mingw32/bin/../lib/gcc/nios2-elf/4.1.2/../../../../nios2-elf/lib\libc.a(lib_a-reallocr.o)
                0x00036134                _realloc_r
 .text          0x00036728       0x40 g:/new folder/nios2eds/bin/gnu/h-i686-mingw32/bin/../lib/gcc/nios2-elf/4.1.2/../../../../nios2-elf/lib\libc.a(lib_a-remove.o)
                0x00036728                _remove_r
                0x00036754                remove
 .text          0x00036768       0x40 g:/new folder/nios2eds/bin/gnu/h-i686-mingw32/bin/../lib/gcc/nios2-elf/4.1.2/../../../../nios2-elf/lib\libc.a(lib_a-s_isinfd.o)
                0x00036768                __isinfd
 .text          0x000367a8       0x30 g:/new folder/nios2eds/bin/gnu/h-i686-mingw32/bin/../lib/gcc/nios2-elf/4.1.2/../../../../nios2-elf/lib\libc.a(lib_a-s_isnand.o)
                0x000367a8                __isnand
 .text          0x000367d8       0xc0 g:/new folder/nios2eds/bin/gnu/h-i686-mingw32/bin/../lib/gcc/nios2-elf/4.1.2/../../../../nios2-elf/lib\libc.a(lib_a-sccl.o)
                0x000367d8                __sccl
 .text          0x00036898        0x8 g:/new folder/nios2eds/bin/gnu/h-i686-mingw32/bin/../lib/gcc/nios2-elf/4.1.2/../../../../nios2-elf/lib\libc.a(lib_a-sf_nan.o)
                0x00036898                nanf
 .text          0x000368a0       0x78 g:/new folder/nios2eds/bin/gnu/h-i686-mingw32/bin/../lib/gcc/nios2-elf/4.1.2/../../../../nios2-elf/lib\libc.a(lib_a-signalr.o)
                0x000368a0                _getpid_r
                0x000368a4                _kill_r
 .text          0x00036918     0x166c g:/new folder/nios2eds/bin/gnu/h-i686-mingw32/bin/../lib/gcc/nios2-elf/4.1.2/../../../../nios2-elf/lib\libc.a(lib_a-strtod.o)
                0x00036960                _strtod_r
                0x00037e44                strtof
                0x00037f68                strtod
 .text          0x00037f84      0x268 g:/new folder/nios2eds/bin/gnu/h-i686-mingw32/bin/../lib/gcc/nios2-elf/4.1.2/../../../../nios2-elf/lib\libc.a(lib_a-strtol.o)
                0x00037f84                _strtol_r
                0x000381c8                strtol
 .text          0x000381ec      0x318 g:/new folder/nios2eds/bin/gnu/h-i686-mingw32/bin/../lib/gcc/nios2-elf/4.1.2/../../../../nios2-elf/lib\libc.a(lib_a-strtoll_r.o)
                0x000381ec                _strtoll_r
 .text          0x00038504      0x254 g:/new folder/nios2eds/bin/gnu/h-i686-mingw32/bin/../lib/gcc/nios2-elf/4.1.2/../../../../nios2-elf/lib\libc.a(lib_a-strtoul.o)
                0x00038504                _strtoul_r
                0x00038734                strtoul
 .text          0x00038758      0x2f0 g:/new folder/nios2eds/bin/gnu/h-i686-mingw32/bin/../lib/gcc/nios2-elf/4.1.2/../../../../nios2-elf/lib\libc.a(lib_a-strtoull_r.o)
                0x00038758                _strtoull_r
 .text          0x00038a48      0x294 g:/new folder/nios2eds/bin/gnu/h-i686-mingw32/bin/../lib/gcc/nios2-elf/4.1.2/../../../../nios2-elf/lib\libc.a(lib_a-ungetc.o)
                0x00038a48                __submore
                0x00038b24                _ungetc_r
                0x00038cc0                ungetc
 .text          0x00038cdc       0x70 g:/new folder/nios2eds/bin/gnu/h-i686-mingw32/bin/../lib/gcc/nios2-elf/4.1.2/../../../../nios2-elf/lib\libc.a(lib_a-unlinkr.o)
                0x00038cdc                _unlink_r
 .text          0x00038d4c       0xb4 g:/new folder/nios2eds/bin/gnu/h-i686-mingw32/bin/../lib/gcc/nios2-elf/4.1.2/../../../../nios2-elf/lib\libc.a(lib_a-callocr.o)
                0x00038d4c                _calloc_r
 .text          0x00038e00      0x8f4 g:/new folder/nios2eds/bin/gnu/h-i686-mingw32/bin/../lib/gcc/nios2-elf/4.1.2/../../../../nios2-elf/lib\libc.a(lib_a-gdtoa-gethex.o)
                0x00038e24                __hexdig_init
                0x00038f3c                __gethex
 .text          0x000396f4      0x294 g:/new folder/nios2eds/bin/gnu/h-i686-mingw32/bin/../lib/gcc/nios2-elf/4.1.2/../../../../nios2-elf/lib\libc.a(lib_a-gdtoa-hexnan.o)
                0x00039740                __hexnan
 .text          0x00039988       0xa4 g:/new folder/nios2eds/bin/gnu/h-i686-mingw32/bin/../lib/gcc/nios2-elf/4.1.2\libgcc.a(_fixunsdfsi.o)
                0x00039988                __fixunsdfsi
 .text          0x00039a2c      0x5dc g:/new folder/nios2eds/bin/gnu/h-i686-mingw32/bin/../lib/gcc/nios2-elf/4.1.2\libgcc.a(_udivdi3.o)
                0x00039a2c                __udivdi3
 .text          0x0003a008      0x5b0 g:/new folder/nios2eds/bin/gnu/h-i686-mingw32/bin/../lib/gcc/nios2-elf/4.1.2\libgcc.a(_umoddi3.o)
                0x0003a008                __umoddi3
 .text          0x0003a5b8       0x78 g:/new folder/nios2eds/bin/gnu/h-i686-mingw32/bin/../lib/gcc/nios2-elf/4.1.2\libgcc.a(_ne_sf.o)
                0x0003a5b8                __nesf2
 .text          0x0003a630       0x78 g:/new folder/nios2eds/bin/gnu/h-i686-mingw32/bin/../lib/gcc/nios2-elf/4.1.2\libgcc.a(_gt_sf.o)
                0x0003a630                __gtsf2
 .text          0x0003a6a8       0x78 g:/new folder/nios2eds/bin/gnu/h-i686-mingw32/bin/../lib/gcc/nios2-elf/4.1.2\libgcc.a(_lt_sf.o)
                0x0003a6a8                __ltsf2
 .text          0x0003a720      0x504 g:/new folder/nios2eds/bin/gnu/h-i686-mingw32/bin/../lib/gcc/nios2-elf/4.1.2\libgcc.a(_addsub_df.o)
                0x0003ab30                __subdf3
                0x0003abb0                __adddf3
 .text          0x0003ac24       0x88 g:/new folder/nios2eds/bin/gnu/h-i686-mingw32/bin/../lib/gcc/nios2-elf/4.1.2\libgcc.a(_eq_df.o)
                0x0003ac24                __eqdf2
 .text          0x0003acac       0x88 g:/new folder/nios2eds/bin/gnu/h-i686-mingw32/bin/../lib/gcc/nios2-elf/4.1.2\libgcc.a(_ne_df.o)
                0x0003acac                __nedf2
 .text          0x0003ad34       0x88 g:/new folder/nios2eds/bin/gnu/h-i686-mingw32/bin/../lib/gcc/nios2-elf/4.1.2\libgcc.a(_gt_df.o)
                0x0003ad34                __gtdf2
 .text          0x0003adbc       0x88 g:/new folder/nios2eds/bin/gnu/h-i686-mingw32/bin/../lib/gcc/nios2-elf/4.1.2\libgcc.a(_ge_df.o)
                0x0003adbc                __gedf2
 .text          0x0003ae44       0x88 g:/new folder/nios2eds/bin/gnu/h-i686-mingw32/bin/../lib/gcc/nios2-elf/4.1.2\libgcc.a(_lt_df.o)
                0x0003ae44                __ltdf2
 .text          0x0003aecc       0x88 g:/new folder/nios2eds/bin/gnu/h-i686-mingw32/bin/../lib/gcc/nios2-elf/4.1.2\libgcc.a(_le_df.o)
                0x0003aecc                __ledf2
 .text          0x0003af54       0xf8 g:/new folder/nios2eds/bin/gnu/h-i686-mingw32/bin/../lib/gcc/nios2-elf/4.1.2\libgcc.a(_si_to_df.o)
                0x0003af54                __floatsidf
 .text          0x0003b04c       0xd8 g:/new folder/nios2eds/bin/gnu/h-i686-mingw32/bin/../lib/gcc/nios2-elf/4.1.2\libgcc.a(_df_to_si.o)
                0x0003b04c                __fixdfsi
 .text          0x0003b124       0xa8 g:/new folder/nios2eds/bin/gnu/h-i686-mingw32/bin/../lib/gcc/nios2-elf/4.1.2\libgcc.a(_fpcmp_parts_sf.o)
                0x0003b124                __fpcmp_parts_f
 .text          0x0003b1cc       0xc8 g:/new folder/nios2eds/bin/gnu/h-i686-mingw32/bin/../lib/gcc/nios2-elf/4.1.2\libgcc.a(_fpcmp_parts_df.o)
                0x0003b1cc                __fpcmp_parts_d
 .text          0x0003b294      0x15c ../Test_bsp/\libhal_bsp.a(alt_close.o)
                0x0003b294                close
 .text          0x0003b3f0       0x2c ../Test_bsp/\libhal_bsp.a(alt_dev.o)
 .text          0x0003b41c       0x40 ../Test_bsp/\libhal_bsp.a(alt_env_lock.o)
                0x0003b41c                __env_lock
                0x0003b43c                __env_unlock
 .text          0x0003b45c        0x0 ../Test_bsp/\libhal_bsp.a(alt_errno.o)
 .text          0x0003b45c       0x60 ../Test_bsp/\libhal_bsp.a(alt_exit.o)
                0x0003b49c                _exit
 .text          0x0003b4bc      0x134 ../Test_bsp/\libhal_bsp.a(alt_fstat.o)
                0x0003b4bc                fstat
 .text          0x0003b5f0       0x20 ../Test_bsp/\libhal_bsp.a(alt_getpid.o)
                0x0003b5f0                getpid
 .text          0x0003b610      0x120 ../Test_bsp/\libhal_bsp.a(alt_isatty.o)
                0x0003b610                isatty
 .text          0x0003b730      0x1a0 ../Test_bsp/\libhal_bsp.a(alt_kill.o)
                0x0003b730                kill
 .text          0x0003b8d0       0xec ../Test_bsp/\libhal_bsp.a(alt_load.o)
                0x0003b8d0                alt_load
 .text          0x0003b9bc      0x150 ../Test_bsp/\libhal_bsp.a(alt_lseek.o)
                0x0003b9bc                lseek
 .text          0x0003bb0c       0x6c ../Test_bsp/\libhal_bsp.a(alt_main.o)
                0x0003bb0c                alt_main
 .text          0x0003bb78       0x40 ../Test_bsp/\libhal_bsp.a(alt_malloc_lock.o)
                0x0003bb78                __malloc_lock
                0x0003bb98                __malloc_unlock
 .text          0x0003bbb8      0x2c4 ../Test_bsp/\libhal_bsp.a(alt_open.o)
                0x0003bc94                open
 .text          0x0003be7c      0x180 ../Test_bsp/\libhal_bsp.a(alt_read.o)
                0x0003be7c                read
 .text          0x0003bffc       0x60 ../Test_bsp/\libhal_bsp.a(alt_release_fd.o)
                0x0003bffc                alt_release_fd
 .text          0x0003c05c       0xbc ../Test_bsp/\libhal_bsp.a(alt_sbrk.o)
                0x0003c05c                sbrk
 .text          0x0003c118       0x9c ../Test_bsp/\libhal_bsp.a(alt_unlink.o)
                0x0003c118                unlink
 .text          0x0003c1b4      0x180 ../Test_bsp/\libhal_bsp.a(alt_write.o)
                0x0003c1b4                write
 .text          0x0003c334       0xd0 ../Test_bsp/\libhal_bsp.a(alt_sys_init.o)
                0x0003c334                alt_irq_init
                0x0003c368                alt_sys_init
 .text          0x0003c404      0x148 ../Test_bsp/\libhal_bsp.a(altera_avalon_jtag_uart_fd.o)
                0x0003c404                altera_avalon_jtag_uart_read_fd
                0x0003c45c                altera_avalon_jtag_uart_write_fd
                0x0003c4b4                altera_avalon_jtag_uart_close_fd
                0x0003c4fc                altera_avalon_jtag_uart_ioctl_fd
 .text          0x0003c54c      0x40c ../Test_bsp/\libhal_bsp.a(altera_avalon_jtag_uart_init.o)
                0x0003c54c                altera_avalon_jtag_uart_init
                0x0003c8e4                altera_avalon_jtag_uart_close
 .text          0x0003c958       0xf4 ../Test_bsp/\libhal_bsp.a(altera_avalon_jtag_uart_ioctl.o)
                0x0003c958                altera_avalon_jtag_uart_ioctl
 .text          0x0003ca4c      0x224 ../Test_bsp/\libhal_bsp.a(altera_avalon_jtag_uart_read.o)
                0x0003ca4c                altera_avalon_jtag_uart_read
 .text          0x0003cc70      0x240 ../Test_bsp/\libhal_bsp.a(altera_avalon_jtag_uart_write.o)
                0x0003cc70                altera_avalon_jtag_uart_write
 .text          0x0003ceb0      0x100 ../Test_bsp/\libhal_bsp.a(altera_avalon_timer_sc.o)
                0x0003cf20                alt_avalon_timer_sc_init
 .text          0x0003cfb0      0x5a0 ../Test_bsp/\libhal_bsp.a(altera_hostfs.o)
                0x0003cfb0                alt_hostfs_open
                0x0003d104                alt_hostfs_close
                0x0003d158                alt_hostfs_read
                0x0003d1f8                alt_hostfs_write
                0x0003d298                alt_hostfs_seek
                0x0003d338                alt_hostfs_fstat
 .text          0x0003d550      0x154 ../Test_bsp/\libhal_bsp.a(alt_alarm_start.o)
                0x0003d550                alt_alarm_start
 .text          0x0003d6a4       0x1c ../Test_bsp/\libhal_bsp.a(alt_dcache_flush_all.o)
                0x0003d6a4                alt_dcache_flush_all
 .text          0x0003d6c0      0x114 ../Test_bsp/\libhal_bsp.a(alt_dev_llist_insert.o)
                0x0003d6c0                alt_dev_llist_insert
 .text          0x0003d7d4       0x64 ../Test_bsp/\libhal_bsp.a(alt_do_ctors.o)
                0x0003d7d4                _do_ctors
 .text          0x0003d838       0x64 ../Test_bsp/\libhal_bsp.a(alt_do_dtors.o)
                0x0003d838                _do_dtors
 .text          0x0003d89c       0x94 ../Test_bsp/\libhal_bsp.a(alt_find_dev.o)
                0x0003d89c                alt_find_dev
 .text          0x0003d930      0x120 ../Test_bsp/\libhal_bsp.a(alt_find_file.o)
                0x0003d930                alt_find_file
 .text          0x0003da50       0x90 ../Test_bsp/\libhal_bsp.a(alt_fs_reg.o)
                0x0003da50                alt_fs_reg
 .text          0x0003dae0       0xb8 ../Test_bsp/\libhal_bsp.a(alt_get_fd.o)
                0x0003dae0                alt_get_fd
 .text          0x0003db98       0x30 ../Test_bsp/\libhal_bsp.a(alt_icache_flush_all.o)
                0x0003db98                alt_icache_flush_all
 .text          0x0003dbc8      0x1d4 ../Test_bsp/\libhal_bsp.a(alt_iic.o)
                0x0003dbc8                alt_ic_isr_register
                0x0003dc18                alt_ic_irq_enable
                0x0003dcb4                alt_ic_irq_disable
                0x0003dd54                alt_ic_irq_enabled
 .text          0x0003dd9c       0xf8 ../Test_bsp/\libhal_bsp.a(alt_iic_isr_register.o)
                0x0003dd9c                alt_iic_isr_register
 .text          0x0003de94      0x13c ../Test_bsp/\libhal_bsp.a(alt_io_redirect.o)
                0x0003df58                alt_io_redirect
 .text          0x0003dfd0        0x0 ../Test_bsp/\libhal_bsp.a(alt_irq_entry.o)
 .text          0x0003dfd0        0x0 ../Test_bsp/\libhal_bsp.a(alt_irq_handler.o)
 .text          0x0003dfd0        0x0 ../Test_bsp/\libhal_bsp.a(alt_irq_vars.o)
 .text          0x0003dfd0      0x1a4 ../Test_bsp/\libhal_bsp.a(alt_tick.o)
                0x0003dfd0                alt_alarm_stop
                0x0003e068                alt_tick
 .text          0x0003e174       0x20 ../Test_bsp/\libhal_bsp.a(altera_nios2_qsys_irq.o)
                0x0003e174                altera_nios2_qsys_irq_init
 .text          0x0003e194        0x0 ../Test_bsp/\libhal_bsp.a(alt_exception_entry.o)
 .text          0x0003e194       0x90 ../Test_bsp/\libhal_bsp.a(alt_icache_flush.o)
                0x0003e194                alt_icache_flush
 .text          0x0003e224       0x14 g:/new folder/nios2eds/bin/gnu/h-i686-mingw32/bin/../lib/gcc/nios2-elf/4.1.2/../../../../nios2-elf/lib\libc.a(lib_a-atexit.o)
                0x0003e224                atexit
 .text          0x0003e238       0x74 g:/new folder/nios2eds/bin/gnu/h-i686-mingw32/bin/../lib/gcc/nios2-elf/4.1.2/../../../../nios2-elf/lib\libc.a(lib_a-memcmp.o)
                0x0003e238                memcmp
 .text          0x0003e2ac      0x134 g:/new folder/nios2eds/bin/gnu/h-i686-mingw32/bin/../lib/gcc/nios2-elf/4.1.2/../../../../nios2-elf/lib\libc.a(lib_a-__atexit.o)
                0x0003e2ac                __register_exitproc
 *(.gnu.warning.*)
 *(.fini)
                0x0003e3e0                PROVIDE (__etext, ABSOLUTE (.))
                0x0003e3e0                PROVIDE (_etext, ABSOLUTE (.))
                0x0003e3e0                PROVIDE (etext, ABSOLUTE (.))
 *(.eh_frame_hdr)
                0x0003e3e0                . = ALIGN (0x4)
                0x0003e3e0                PROVIDE (__preinit_array_start, ABSOLUTE (.))
 *(.preinit_array)
                0x0003e3e0                PROVIDE (__preinit_array_end, ABSOLUTE (.))
                0x0003e3e0                PROVIDE (__init_array_start, ABSOLUTE (.))
 *(.init_array)
                0x0003e3e0                PROVIDE (__init_array_end, ABSOLUTE (.))
                0x0003e3e0                PROVIDE (__fini_array_start, ABSOLUTE (.))
 *(.fini_array)
                0x0003e3e0                PROVIDE (__fini_array_end, ABSOLUTE (.))
 *(.eh_frame)
 *(.gcc_except_table)
 *(.dynamic)
                0x0003e3e0                PROVIDE (__CTOR_LIST__, ABSOLUTE (.))
 *(.ctors)
 *(SORT(.ctors.*))
 .ctors.65535   0x0003e3e0        0x4 g:/new folder/nios2eds/bin/gnu/h-i686-mingw32/bin/../lib/gcc/nios2-elf/4.1.2/../../../../nios2-elf/lib\libc.a(lib_a-__call_atexit.o)
                0x0003e3e4                PROVIDE (__CTOR_END__, ABSOLUTE (.))
                0x0003e3e4                PROVIDE (__DTOR_LIST__, ABSOLUTE (.))
 *(.dtors)
 *(SORT(.dtors.*))
                0x0003e3e4                PROVIDE (__DTOR_END__, ABSOLUTE (.))
 *(.jcr)
                0x0003e3e4                . = ALIGN (0x4)

.rodata         0x0003e3e4     0x2920
                0x0003e3e4                PROVIDE (__ram_rodata_start, ABSOLUTE (.))
                0x0003e3e4                . = ALIGN (0x4)
 *(.rodata .rodata.* .gnu.linkonce.r.*)
 .rodata        0x0003e3e4       0xc0 obj/default/application/bmp_extract.o
 .rodata        0x0003e4a4       0x14 obj/default/application/jpeg_encoding.o
 .rodata        0x0003e4b8      0x1c8 obj/default/application/jpegclib/jaricom.o
                0x0003e4b8                jpeg_aritab
 .rodata        0x0003e680       0xc0 obj/default/application/jpegclib/jcdctmgr.o
 .rodata        0x0003e740      0x3a0 obj/default/application/jpegclib/jcparam.o
 .rodata        0x0003eae0     0x1514 obj/default/application/jpegclib/jerror.o
                0x0003fdf0                jpeg_std_message_table
 .rodata        0x0003fff4        0x4 obj/default/application/jpegclib/jmemansi.o
 .rodata        0x0003fff8       0x10 obj/default/application/jpegclib/jmemmgr.o
 .rodata        0x00040008      0x10c obj/default/application/jpegclib/jquant1.o
 .rodata        0x00040114      0x4ec obj/default/application/jpegclib/jutils.o
                0x00040114                jpeg_natural_order
                0x00040254                jpeg_natural_order7
                0x00040358                jpeg_natural_order6
                0x00040428                jpeg_natural_order5
                0x000404cc                jpeg_natural_order4
                0x0004054c                jpeg_natural_order3
                0x000405b0                jpeg_natural_order2
 .rodata        0x00040600       0x88 obj/default/jpeg_encoder.o
 .rodata        0x00040688       0x10 g:/new folder/nios2eds/bin/gnu/h-i686-mingw32/bin/../lib/gcc/nios2-elf/4.1.2\libgcc.a(_thenan_sf.o)
                0x00040688                __thenan_sf
 .rodata        0x00040698       0x14 g:/new folder/nios2eds/bin/gnu/h-i686-mingw32/bin/../lib/gcc/nios2-elf/4.1.2\libgcc.a(_thenan_df.o)
                0x00040698                __thenan_df
 .rodata        0x000406ac      0x100 g:/new folder/nios2eds/bin/gnu/h-i686-mingw32/bin/../lib/gcc/nios2-elf/4.1.2\libgcc.a(_clz.o)
                0x000406ac                __clz_tab
 .rodata        0x000407ac      0x281 g:/new folder/nios2eds/bin/gnu/h-i686-mingw32/bin/../lib/gcc/nios2-elf/4.1.2/../../../../nios2-elf/lib\libc.a(lib_a-ctype_.o)
                0x000407ac                _ctype_
 *fill*         0x00040a2d        0x3 00
 .rodata.str1.4
                0x00040a30        0x2 g:/new folder/nios2eds/bin/gnu/h-i686-mingw32/bin/../lib/gcc/nios2-elf/4.1.2/../../../../nios2-elf/lib\libc.a(lib_a-impure.o)
                                  0x4 (size before relaxing)
 *fill*         0x00040a32        0x2 00
 .rodata.str1.4
                0x00040a34        0x2 g:/new folder/nios2eds/bin/gnu/h-i686-mingw32/bin/../lib/gcc/nios2-elf/4.1.2/../../../../nios2-elf/lib\libc.a(lib_a-puts.o)
                                  0x4 (size before relaxing)
 *fill*         0x00040a36        0x2 00
 .rodata.str1.4
                0x00040a38        0x4 g:/new folder/nios2eds/bin/gnu/h-i686-mingw32/bin/../lib/gcc/nios2-elf/4.1.2/../../../../nios2-elf/lib\libc.a(lib_a-tmpfile.o)
 .rodata.str1.4
                0x00040a3c       0x1e g:/new folder/nios2eds/bin/gnu/h-i686-mingw32/bin/../lib/gcc/nios2-elf/4.1.2/../../../../nios2-elf/lib\libc.a(lib_a-tmpnam.o)
                                 0x24 (size before relaxing)
 *fill*         0x00040a5a        0x2 00
 .rodata.str1.4
                0x00040a5c       0x5e g:/new folder/nios2eds/bin/gnu/h-i686-mingw32/bin/../lib/gcc/nios2-elf/4.1.2/../../../../nios2-elf/lib\libc.a(lib_a-vfprintf.o)
                                 0x60 (size before relaxing)
 .rodata        0x00040aba       0x20 g:/new folder/nios2eds/bin/gnu/h-i686-mingw32/bin/../lib/gcc/nios2-elf/4.1.2/../../../../nios2-elf/lib\libc.a(lib_a-vfprintf.o)
 *fill*         0x00040ada        0x2 00
 .rodata.str1.4
                0x00040adc        0x5 g:/new folder/nios2eds/bin/gnu/h-i686-mingw32/bin/../lib/gcc/nios2-elf/4.1.2/../../../../nios2-elf/lib\libc.a(lib_a-vfscanf.o)
                                  0x8 (size before relaxing)
 *fill*         0x00040ae1        0x1 00
 .rodata        0x00040ae2       0x22 g:/new folder/nios2eds/bin/gnu/h-i686-mingw32/bin/../lib/gcc/nios2-elf/4.1.2/../../../../nios2-elf/lib\libc.a(lib_a-vfscanf.o)
 .rodata.str1.4
                0x00040b04       0x10 g:/new folder/nios2eds/bin/gnu/h-i686-mingw32/bin/../lib/gcc/nios2-elf/4.1.2/../../../../nios2-elf/lib\libc.a(lib_a-dtoa.o)
                                 0x14 (size before relaxing)
 .rodata.str1.4
                0x00040b14        0xf g:/new folder/nios2eds/bin/gnu/h-i686-mingw32/bin/../lib/gcc/nios2-elf/4.1.2/../../../../nios2-elf/lib\libc.a(lib_a-locale.o)
                                 0x18 (size before relaxing)
 *fill*         0x00040b23        0x1 00
 .rodata        0x00040b24       0x30 g:/new folder/nios2eds/bin/gnu/h-i686-mingw32/bin/../lib/gcc/nios2-elf/4.1.2/../../../../nios2-elf/lib\libc.a(lib_a-locale.o)
 .rodata.str1.4
                0x00000000        0x4 g:/new folder/nios2eds/bin/gnu/h-i686-mingw32/bin/../lib/gcc/nios2-elf/4.1.2/../../../../nios2-elf/lib\libc.a(lib_a-mbrtowc.o)
 .rodata        0x00040b54      0x124 g:/new folder/nios2eds/bin/gnu/h-i686-mingw32/bin/../lib/gcc/nios2-elf/4.1.2/../../../../nios2-elf/lib\libc.a(lib_a-mprec.o)
                0x00040b54                __mprec_tens
                0x00040c1c                __mprec_bigtens
                0x00040c44                __mprec_tinytens
 .rodata.str1.4
                0x00040c78        0xf g:/new folder/nios2eds/bin/gnu/h-i686-mingw32/bin/../lib/gcc/nios2-elf/4.1.2/../../../../nios2-elf/lib\libc.a(lib_a-strtod.o)
                                 0x10 (size before relaxing)
 *fill*         0x00040c87        0x1 00
 .rodata        0x00040c88       0x28 g:/new folder/nios2eds/bin/gnu/h-i686-mingw32/bin/../lib/gcc/nios2-elf/4.1.2/../../../../nios2-elf/lib\libc.a(lib_a-strtod.o)
 .rodata.str1.4
                0x00040cb0       0x1c g:/new folder/nios2eds/bin/gnu/h-i686-mingw32/bin/../lib/gcc/nios2-elf/4.1.2/../../../../nios2-elf/lib\libc.a(lib_a-gdtoa-gethex.o)
 .rodata        0x00040ccc        0xc ../Test_bsp/\libhal_bsp.a(alt_dev.o)
 .rodata        0x00040cd8       0x10 ../Test_bsp/\libhal_bsp.a(alt_main.o)
 .rodata        0x00040ce8       0x1c ../Test_bsp/\libhal_bsp.a(alt_sys_init.o)
 *(.rodata1)
                0x00040d04                . = ALIGN (0x4)
                0x00040d04                PROVIDE (__ram_rodata_end, ABSOLUTE (.))
                0x0003e3e4                PROVIDE (__flash_rodata_start, LOADADDR (.rodata))

.rwdata         0x00040d04     0x1b0c load address 0x00042810
                0x00040d04                PROVIDE (__ram_rwdata_start, ABSOLUTE (.))
                0x00040d04                . = ALIGN (0x4)
 *(.got.plt)
 *(.got)
 *(.data1)
 *(.data .data.* .gnu.linkonce.d.*)
 .data          0x00040d04        0x0 ../Test_bsp//obj/HAL/src/crt0.o
 .data          0x00040d04        0x0 obj/default/application/bmp_extract.o
 .data          0x00040d04        0x0 obj/default/application/jpeg_encoding.o
 .data          0x00040d04        0x0 obj/default/application/jpegclib/cdjpeg.o
 .data          0x00040d04        0x0 obj/default/application/jpegclib/jaricom.o
 .data          0x00040d04        0x0 obj/default/application/jpegclib/jcapimin.o
 .data          0x00040d04        0x0 obj/default/application/jpegclib/jcapistd.o
 .data          0x00040d04        0x0 obj/default/application/jpegclib/jcarith.o
 .data          0x00040d04        0x0 obj/default/application/jpegclib/jccoefct.o
 .data          0x00040d04        0x0 obj/default/application/jpegclib/jccolor.o
 .data          0x00040d04        0x0 obj/default/application/jpegclib/jcdctmgr.o
 .data          0x00040d04        0x0 obj/default/application/jpegclib/jchuff.o
 .data          0x00040d04        0x0 obj/default/application/jpegclib/jcinit.o
 .data          0x00040d04        0x0 obj/default/application/jpegclib/jcmainct.o
 .data          0x00040d04        0x0 obj/default/application/jpegclib/jcmarker.o
 .data          0x00040d04        0x0 obj/default/application/jpegclib/jcmaster.o
 .data          0x00040d04        0x0 obj/default/application/jpegclib/jcomapi.o
 .data          0x00040d04        0x0 obj/default/application/jpegclib/jcparam.o
 .data          0x00040d04        0x0 obj/default/application/jpegclib/jcprepct.o
 .data          0x00040d04        0x0 obj/default/application/jpegclib/jcsample.o
 .data          0x00040d04        0x0 obj/default/application/jpegclib/jctrans.o
 .data          0x00040d04        0x0 obj/default/application/jpegclib/jdatadst.o
 .data          0x00040d04        0x0 obj/default/application/jpegclib/jerror.o
 .data          0x00040d04        0x0 obj/default/application/jpegclib/jfdctflt.o
 .data          0x00040d04        0x0 obj/default/application/jpegclib/jfdctfst.o
 .data          0x00040d04        0x0 obj/default/application/jpegclib/jfdctint.o
 .data          0x00040d04        0x0 obj/default/application/jpegclib/jidctflt.o
 .data          0x00040d04        0x0 obj/default/application/jpegclib/jidctfst.o
 .data          0x00040d04        0x0 obj/default/application/jpegclib/jidctint.o
 .data          0x00040d04        0x0 obj/default/application/jpegclib/jmemansi.o
 .data          0x00040d04        0x0 obj/default/application/jpegclib/jmemmgr.o
 .data          0x00040d04        0x0 obj/default/application/jpegclib/jquant1.o
 .data          0x00040d04        0x0 obj/default/application/jpegclib/jquant2.o
 .data          0x00040d04        0x0 obj/default/application/jpegclib/jutils.o
 .data          0x00040d04        0x0 obj/default/jpeg_encoder.o
 .data          0x00040d04        0x0 g:/new folder/nios2eds/bin/gnu/h-i686-mingw32/bin/../lib/gcc/nios2-elf/4.1.2\libgcc.a(_addsub_sf.o)
 .data          0x00040d04        0x0 g:/new folder/nios2eds/bin/gnu/h-i686-mingw32/bin/../lib/gcc/nios2-elf/4.1.2\libgcc.a(_mul_sf.o)
 .data          0x00040d04        0x0 g:/new folder/nios2eds/bin/gnu/h-i686-mingw32/bin/../lib/gcc/nios2-elf/4.1.2\libgcc.a(_si_to_sf.o)
 .data          0x00040d04        0x0 g:/new folder/nios2eds/bin/gnu/h-i686-mingw32/bin/../lib/gcc/nios2-elf/4.1.2\libgcc.a(_sf_to_si.o)
 .data          0x00040d04        0x0 g:/new folder/nios2eds/bin/gnu/h-i686-mingw32/bin/../lib/gcc/nios2-elf/4.1.2\libgcc.a(_thenan_sf.o)
 .data          0x00040d04        0x0 g:/new folder/nios2eds/bin/gnu/h-i686-mingw32/bin/../lib/gcc/nios2-elf/4.1.2\libgcc.a(_mul_df.o)
 .data          0x00040d04        0x0 g:/new folder/nios2eds/bin/gnu/h-i686-mingw32/bin/../lib/gcc/nios2-elf/4.1.2\libgcc.a(_div_df.o)
 .data          0x00040d04        0x0 g:/new folder/nios2eds/bin/gnu/h-i686-mingw32/bin/../lib/gcc/nios2-elf/4.1.2\libgcc.a(_df_to_sf.o)
 .data          0x00040d04        0x0 g:/new folder/nios2eds/bin/gnu/h-i686-mingw32/bin/../lib/gcc/nios2-elf/4.1.2\libgcc.a(_thenan_df.o)
 .data          0x00040d04        0x0 g:/new folder/nios2eds/bin/gnu/h-i686-mingw32/bin/../lib/gcc/nios2-elf/4.1.2\libgcc.a(_usi_to_df.o)
 .data          0x00040d04        0x0 g:/new folder/nios2eds/bin/gnu/h-i686-mingw32/bin/../lib/gcc/nios2-elf/4.1.2\libgcc.a(lib2-divmod.o)
 .data          0x00040d04        0x0 g:/new folder/nios2eds/bin/gnu/h-i686-mingw32/bin/../lib/gcc/nios2-elf/4.1.2\libgcc.a(_muldi3.o)
 .data          0x00040d04        0x0 g:/new folder/nios2eds/bin/gnu/h-i686-mingw32/bin/../lib/gcc/nios2-elf/4.1.2\libgcc.a(_clzsi2.o)
 .data          0x00040d04        0x0 g:/new folder/nios2eds/bin/gnu/h-i686-mingw32/bin/../lib/gcc/nios2-elf/4.1.2\libgcc.a(_pack_sf.o)
 .data          0x00040d04        0x0 g:/new folder/nios2eds/bin/gnu/h-i686-mingw32/bin/../lib/gcc/nios2-elf/4.1.2\libgcc.a(_unpack_sf.o)
 .data          0x00040d04        0x0 g:/new folder/nios2eds/bin/gnu/h-i686-mingw32/bin/../lib/gcc/nios2-elf/4.1.2\libgcc.a(_make_sf.o)
 .data          0x00040d04        0x0 g:/new folder/nios2eds/bin/gnu/h-i686-mingw32/bin/../lib/gcc/nios2-elf/4.1.2\libgcc.a(_pack_df.o)
 .data          0x00040d04        0x0 g:/new folder/nios2eds/bin/gnu/h-i686-mingw32/bin/../lib/gcc/nios2-elf/4.1.2\libgcc.a(_unpack_df.o)
 .data          0x00040d04        0x0 g:/new folder/nios2eds/bin/gnu/h-i686-mingw32/bin/../lib/gcc/nios2-elf/4.1.2\libgcc.a(_clz.o)
 .data          0x00040d04        0x0 g:/new folder/nios2eds/bin/gnu/h-i686-mingw32/bin/../lib/gcc/nios2-elf/4.1.2/../../../../nios2-elf/lib\libc.a(lib_a-ctype_.o)
 .data          0x00040d04        0x0 g:/new folder/nios2eds/bin/gnu/h-i686-mingw32/bin/../lib/gcc/nios2-elf/4.1.2/../../../../nios2-elf/lib\libc.a(lib_a-exit.o)
 .data          0x00040d04        0x0 g:/new folder/nios2eds/bin/gnu/h-i686-mingw32/bin/../lib/gcc/nios2-elf/4.1.2/../../../../nios2-elf/lib\libc.a(lib_a-fclose.o)
 .data          0x00040d04        0x0 g:/new folder/nios2eds/bin/gnu/h-i686-mingw32/bin/../lib/gcc/nios2-elf/4.1.2/../../../../nios2-elf/lib\libc.a(lib_a-fflush.o)
 .data          0x00040d04        0x0 g:/new folder/nios2eds/bin/gnu/h-i686-mingw32/bin/../lib/gcc/nios2-elf/4.1.2/../../../../nios2-elf/lib\libc.a(lib_a-findfp.o)
 .data          0x00040d04        0x0 g:/new folder/nios2eds/bin/gnu/h-i686-mingw32/bin/../lib/gcc/nios2-elf/4.1.2/../../../../nios2-elf/lib\libc.a(lib_a-fopen.o)
 .data          0x00040d04        0x0 g:/new folder/nios2eds/bin/gnu/h-i686-mingw32/bin/../lib/gcc/nios2-elf/4.1.2/../../../../nios2-elf/lib\libc.a(lib_a-fprintf.o)
 .data          0x00040d04        0x0 g:/new folder/nios2eds/bin/gnu/h-i686-mingw32/bin/../lib/gcc/nios2-elf/4.1.2/../../../../nios2-elf/lib\libc.a(lib_a-fread.o)
 .data          0x00040d04        0x0 g:/new folder/nios2eds/bin/gnu/h-i686-mingw32/bin/../lib/gcc/nios2-elf/4.1.2/../../../../nios2-elf/lib\libc.a(lib_a-freer.o)
 .data          0x00040d04        0x0 g:/new folder/nios2eds/bin/gnu/h-i686-mingw32/bin/../lib/gcc/nios2-elf/4.1.2/../../../../nios2-elf/lib\libc.a(lib_a-fseek.o)
 .data          0x00040d04        0x0 g:/new folder/nios2eds/bin/gnu/h-i686-mingw32/bin/../lib/gcc/nios2-elf/4.1.2/../../../../nios2-elf/lib\libc.a(lib_a-fstatr.o)
 .data          0x00040d04        0x0 g:/new folder/nios2eds/bin/gnu/h-i686-mingw32/bin/../lib/gcc/nios2-elf/4.1.2/../../../../nios2-elf/lib\libc.a(lib_a-ftell.o)
 .data          0x00040d04        0x0 g:/new folder/nios2eds/bin/gnu/h-i686-mingw32/bin/../lib/gcc/nios2-elf/4.1.2/../../../../nios2-elf/lib\libc.a(lib_a-fwalk.o)
 .data          0x00040d04        0x0 g:/new folder/nios2eds/bin/gnu/h-i686-mingw32/bin/../lib/gcc/nios2-elf/4.1.2/../../../../nios2-elf/lib\libc.a(lib_a-fwrite.o)
 .data          0x00040d04        0x0 g:/new folder/nios2eds/bin/gnu/h-i686-mingw32/bin/../lib/gcc/nios2-elf/4.1.2/../../../../nios2-elf/lib\libc.a(lib_a-getenv.o)
 .data          0x00040d04        0x0 g:/new folder/nios2eds/bin/gnu/h-i686-mingw32/bin/../lib/gcc/nios2-elf/4.1.2/../../../../nios2-elf/lib\libc.a(lib_a-getenv_r.o)
 .data          0x00040d04      0x400 g:/new folder/nios2eds/bin/gnu/h-i686-mingw32/bin/../lib/gcc/nios2-elf/4.1.2/../../../../nios2-elf/lib\libc.a(lib_a-impure.o)
 .data          0x00041104        0x0 g:/new folder/nios2eds/bin/gnu/h-i686-mingw32/bin/../lib/gcc/nios2-elf/4.1.2/../../../../nios2-elf/lib\libc.a(lib_a-int_errno.o)
 .data          0x00041104        0x0 g:/new folder/nios2eds/bin/gnu/h-i686-mingw32/bin/../lib/gcc/nios2-elf/4.1.2/../../../../nios2-elf/lib\libc.a(lib_a-makebuf.o)
 .data          0x00041104        0x0 g:/new folder/nios2eds/bin/gnu/h-i686-mingw32/bin/../lib/gcc/nios2-elf/4.1.2/../../../../nios2-elf/lib\libc.a(lib_a-malloc.o)
 .data          0x00041104      0x408 g:/new folder/nios2eds/bin/gnu/h-i686-mingw32/bin/../lib/gcc/nios2-elf/4.1.2/../../../../nios2-elf/lib\libc.a(lib_a-mallocr.o)
                0x00041104                __malloc_av_
 .data          0x0004150c        0x0 g:/new folder/nios2eds/bin/gnu/h-i686-mingw32/bin/../lib/gcc/nios2-elf/4.1.2/../../../../nios2-elf/lib\libc.a(lib_a-memcpy.o)
 .data          0x0004150c        0x0 g:/new folder/nios2eds/bin/gnu/h-i686-mingw32/bin/../lib/gcc/nios2-elf/4.1.2/../../../../nios2-elf/lib\libc.a(lib_a-memset.o)
 .data          0x0004150c        0x0 g:/new folder/nios2eds/bin/gnu/h-i686-mingw32/bin/../lib/gcc/nios2-elf/4.1.2/../../../../nios2-elf/lib\libc.a(lib_a-openr.o)
 .data          0x0004150c        0x0 g:/new folder/nios2eds/bin/gnu/h-i686-mingw32/bin/../lib/gcc/nios2-elf/4.1.2/../../../../nios2-elf/lib\libc.a(lib_a-printf.o)
 .data          0x0004150c        0x0 g:/new folder/nios2eds/bin/gnu/h-i686-mingw32/bin/../lib/gcc/nios2-elf/4.1.2/../../../../nios2-elf/lib\libc.a(lib_a-puts.o)
 .data          0x0004150c        0x0 g:/new folder/nios2eds/bin/gnu/h-i686-mingw32/bin/../lib/gcc/nios2-elf/4.1.2/../../../../nios2-elf/lib\libc.a(lib_a-refill.o)
 .data          0x0004150c        0x0 g:/new folder/nios2eds/bin/gnu/h-i686-mingw32/bin/../lib/gcc/nios2-elf/4.1.2/../../../../nios2-elf/lib\libc.a(lib_a-rewind.o)
 .data          0x0004150c        0x0 g:/new folder/nios2eds/bin/gnu/h-i686-mingw32/bin/../lib/gcc/nios2-elf/4.1.2/../../../../nios2-elf/lib\libc.a(lib_a-sbrkr.o)
 .data          0x0004150c        0x0 g:/new folder/nios2eds/bin/gnu/h-i686-mingw32/bin/../lib/gcc/nios2-elf/4.1.2/../../../../nios2-elf/lib\libc.a(lib_a-scanf.o)
 .data          0x0004150c        0x0 g:/new folder/nios2eds/bin/gnu/h-i686-mingw32/bin/../lib/gcc/nios2-elf/4.1.2/../../../../nios2-elf/lib\libc.a(lib_a-sprintf.o)
 .data          0x0004150c        0x0 g:/new folder/nios2eds/bin/gnu/h-i686-mingw32/bin/../lib/gcc/nios2-elf/4.1.2/../../../../nios2-elf/lib\libc.a(lib_a-sscanf.o)
 .data          0x0004150c        0x0 g:/new folder/nios2eds/bin/gnu/h-i686-mingw32/bin/../lib/gcc/nios2-elf/4.1.2/../../../../nios2-elf/lib\libc.a(lib_a-stdio.o)
 .data          0x0004150c        0x0 g:/new folder/nios2eds/bin/gnu/h-i686-mingw32/bin/../lib/gcc/nios2-elf/4.1.2/../../../../nios2-elf/lib\libc.a(lib_a-strcat.o)
 .data          0x0004150c        0x0 g:/new folder/nios2eds/bin/gnu/h-i686-mingw32/bin/../lib/gcc/nios2-elf/4.1.2/../../../../nios2-elf/lib\libc.a(lib_a-strcmp.o)
 .data          0x0004150c        0x0 g:/new folder/nios2eds/bin/gnu/h-i686-mingw32/bin/../lib/gcc/nios2-elf/4.1.2/../../../../nios2-elf/lib\libc.a(lib_a-strcpy.o)
 .data          0x0004150c        0x0 g:/new folder/nios2eds/bin/gnu/h-i686-mingw32/bin/../lib/gcc/nios2-elf/4.1.2/../../../../nios2-elf/lib\libc.a(lib_a-strlen.o)
 .data          0x0004150c        0x0 g:/new folder/nios2eds/bin/gnu/h-i686-mingw32/bin/../lib/gcc/nios2-elf/4.1.2/../../../../nios2-elf/lib\libc.a(lib_a-strncmp.o)
 .data          0x0004150c        0x0 g:/new folder/nios2eds/bin/gnu/h-i686-mingw32/bin/../lib/gcc/nios2-elf/4.1.2/../../../../nios2-elf/lib\libc.a(lib_a-strncpy.o)
 .data          0x0004150c        0x0 g:/new folder/nios2eds/bin/gnu/h-i686-mingw32/bin/../lib/gcc/nios2-elf/4.1.2/../../../../nios2-elf/lib\libc.a(lib_a-tmpfile.o)
 .data          0x0004150c        0x0 g:/new folder/nios2eds/bin/gnu/h-i686-mingw32/bin/../lib/gcc/nios2-elf/4.1.2/../../../../nios2-elf/lib\libc.a(lib_a-tmpnam.o)
 .data          0x0004150c        0x0 g:/new folder/nios2eds/bin/gnu/h-i686-mingw32/bin/../lib/gcc/nios2-elf/4.1.2/../../../../nios2-elf/lib\libc.a(lib_a-vfprintf.o)
 .data          0x0004150c        0x0 g:/new folder/nios2eds/bin/gnu/h-i686-mingw32/bin/../lib/gcc/nios2-elf/4.1.2/../../../../nios2-elf/lib\libc.a(lib_a-vfscanf.o)
 .data          0x0004150c        0x0 g:/new folder/nios2eds/bin/gnu/h-i686-mingw32/bin/../lib/gcc/nios2-elf/4.1.2/../../../../nios2-elf/lib\libc.a(lib_a-writer.o)
 .data          0x0004150c        0x0 g:/new folder/nios2eds/bin/gnu/h-i686-mingw32/bin/../lib/gcc/nios2-elf/4.1.2/../../../../nios2-elf/lib\libc.a(lib_a-wsetup.o)
 .data          0x0004150c        0x0 g:/new folder/nios2eds/bin/gnu/h-i686-mingw32/bin/../lib/gcc/nios2-elf/4.1.2/../../../../nios2-elf/lib\libc.a(lib_a-__call_atexit.o)
 .data          0x0004150c        0x0 g:/new folder/nios2eds/bin/gnu/h-i686-mingw32/bin/../lib/gcc/nios2-elf/4.1.2/../../../../nios2-elf/lib\libc.a(lib_a-closer.o)
 .data          0x0004150c        0x0 g:/new folder/nios2eds/bin/gnu/h-i686-mingw32/bin/../lib/gcc/nios2-elf/4.1.2/../../../../nios2-elf/lib\libc.a(lib_a-dtoa.o)
 .data          0x0004150c        0x0 g:/new folder/nios2eds/bin/gnu/h-i686-mingw32/bin/../lib/gcc/nios2-elf/4.1.2/../../../../nios2-elf/lib\libc.a(lib_a-environ.o)
 .data          0x0004150c        0x0 g:/new folder/nios2eds/bin/gnu/h-i686-mingw32/bin/../lib/gcc/nios2-elf/4.1.2/../../../../nios2-elf/lib\libc.a(lib_a-fdopen.o)
 .data          0x0004150c        0x0 g:/new folder/nios2eds/bin/gnu/h-i686-mingw32/bin/../lib/gcc/nios2-elf/4.1.2/../../../../nios2-elf/lib\libc.a(lib_a-flags.o)
 .data          0x0004150c        0x0 g:/new folder/nios2eds/bin/gnu/h-i686-mingw32/bin/../lib/gcc/nios2-elf/4.1.2/../../../../nios2-elf/lib\libc.a(lib_a-fvwrite.o)
 .data          0x0004150c        0x0 g:/new folder/nios2eds/bin/gnu/h-i686-mingw32/bin/../lib/gcc/nios2-elf/4.1.2/../../../../nios2-elf/lib\libc.a(lib_a-isattyr.o)
 .data          0x0004150c        0x0 g:/new folder/nios2eds/bin/gnu/h-i686-mingw32/bin/../lib/gcc/nios2-elf/4.1.2/../../../../nios2-elf/lib\libc.a(lib_a-iswspace.o)
 .data          0x0004150c        0xc g:/new folder/nios2eds/bin/gnu/h-i686-mingw32/bin/../lib/gcc/nios2-elf/4.1.2/../../../../nios2-elf/lib\libc.a(lib_a-locale.o)
                0x0004150c                __lc_ctype
 .data          0x00041518        0x0 g:/new folder/nios2eds/bin/gnu/h-i686-mingw32/bin/../lib/gcc/nios2-elf/4.1.2/../../../../nios2-elf/lib\libc.a(lib_a-lseekr.o)
 .data          0x00041518        0x0 g:/new folder/nios2eds/bin/gnu/h-i686-mingw32/bin/../lib/gcc/nios2-elf/4.1.2/../../../../nios2-elf/lib\libc.a(lib_a-mbrtowc.o)
 .data          0x00041518        0x0 g:/new folder/nios2eds/bin/gnu/h-i686-mingw32/bin/../lib/gcc/nios2-elf/4.1.2/../../../../nios2-elf/lib\libc.a(lib_a-mbtowc_r.o)
 .data          0x00041518        0x0 g:/new folder/nios2eds/bin/gnu/h-i686-mingw32/bin/../lib/gcc/nios2-elf/4.1.2/../../../../nios2-elf/lib\libc.a(lib_a-memchr.o)
 .data          0x00041518        0x0 g:/new folder/nios2eds/bin/gnu/h-i686-mingw32/bin/../lib/gcc/nios2-elf/4.1.2/../../../../nios2-elf/lib\libc.a(lib_a-memmove.o)
 .data          0x00041518        0x0 g:/new folder/nios2eds/bin/gnu/h-i686-mingw32/bin/../lib/gcc/nios2-elf/4.1.2/../../../../nios2-elf/lib\libc.a(lib_a-mprec.o)
 .data          0x00041518        0x0 g:/new folder/nios2eds/bin/gnu/h-i686-mingw32/bin/../lib/gcc/nios2-elf/4.1.2/../../../../nios2-elf/lib\libc.a(lib_a-readr.o)
 .data          0x00041518        0x0 g:/new folder/nios2eds/bin/gnu/h-i686-mingw32/bin/../lib/gcc/nios2-elf/4.1.2/../../../../nios2-elf/lib\libc.a(lib_a-reallocr.o)
 .data          0x00041518        0x0 g:/new folder/nios2eds/bin/gnu/h-i686-mingw32/bin/../lib/gcc/nios2-elf/4.1.2/../../../../nios2-elf/lib\libc.a(lib_a-remove.o)
 .data          0x00041518        0x0 g:/new folder/nios2eds/bin/gnu/h-i686-mingw32/bin/../lib/gcc/nios2-elf/4.1.2/../../../../nios2-elf/lib\libc.a(lib_a-s_isinfd.o)
 .data          0x00041518        0x0 g:/new folder/nios2eds/bin/gnu/h-i686-mingw32/bin/../lib/gcc/nios2-elf/4.1.2/../../../../nios2-elf/lib\libc.a(lib_a-s_isnand.o)
 .data          0x00041518        0x0 g:/new folder/nios2eds/bin/gnu/h-i686-mingw32/bin/../lib/gcc/nios2-elf/4.1.2/../../../../nios2-elf/lib\libc.a(lib_a-sccl.o)
 .data          0x00041518        0x0 g:/new folder/nios2eds/bin/gnu/h-i686-mingw32/bin/../lib/gcc/nios2-elf/4.1.2/../../../../nios2-elf/lib\libc.a(lib_a-sf_nan.o)
 .data          0x00041518        0x0 g:/new folder/nios2eds/bin/gnu/h-i686-mingw32/bin/../lib/gcc/nios2-elf/4.1.2/../../../../nios2-elf/lib\libc.a(lib_a-signalr.o)
 .data          0x00041518       0x28 g:/new folder/nios2eds/bin/gnu/h-i686-mingw32/bin/../lib/gcc/nios2-elf/4.1.2/../../../../nios2-elf/lib\libc.a(lib_a-strtod.o)
 .data          0x00041540        0x0 g:/new folder/nios2eds/bin/gnu/h-i686-mingw32/bin/../lib/gcc/nios2-elf/4.1.2/../../../../nios2-elf/lib\libc.a(lib_a-strtol.o)
 .data          0x00041540        0x0 g:/new folder/nios2eds/bin/gnu/h-i686-mingw32/bin/../lib/gcc/nios2-elf/4.1.2/../../../../nios2-elf/lib\libc.a(lib_a-strtoll_r.o)
 .data          0x00041540        0x0 g:/new folder/nios2eds/bin/gnu/h-i686-mingw32/bin/../lib/gcc/nios2-elf/4.1.2/../../../../nios2-elf/lib\libc.a(lib_a-strtoul.o)
 .data          0x00041540        0x0 g:/new folder/nios2eds/bin/gnu/h-i686-mingw32/bin/../lib/gcc/nios2-elf/4.1.2/../../../../nios2-elf/lib\libc.a(lib_a-strtoull_r.o)
 .data          0x00041540        0x0 g:/new folder/nios2eds/bin/gnu/h-i686-mingw32/bin/../lib/gcc/nios2-elf/4.1.2/../../../../nios2-elf/lib\libc.a(lib_a-ungetc.o)
 .data          0x00041540        0x0 g:/new folder/nios2eds/bin/gnu/h-i686-mingw32/bin/../lib/gcc/nios2-elf/4.1.2/../../../../nios2-elf/lib\libc.a(lib_a-unlinkr.o)
 .data          0x00041540        0x0 g:/new folder/nios2eds/bin/gnu/h-i686-mingw32/bin/../lib/gcc/nios2-elf/4.1.2/../../../../nios2-elf/lib\libc.a(lib_a-callocr.o)
 .data          0x00041540        0x0 g:/new folder/nios2eds/bin/gnu/h-i686-mingw32/bin/../lib/gcc/nios2-elf/4.1.2/../../../../nios2-elf/lib\libc.a(lib_a-gdtoa-gethex.o)
 .data          0x00041540        0x0 g:/new folder/nios2eds/bin/gnu/h-i686-mingw32/bin/../lib/gcc/nios2-elf/4.1.2/../../../../nios2-elf/lib\libc.a(lib_a-gdtoa-hexnan.o)
 .data          0x00041540        0x0 g:/new folder/nios2eds/bin/gnu/h-i686-mingw32/bin/../lib/gcc/nios2-elf/4.1.2\libgcc.a(_fixunsdfsi.o)
 .data          0x00041540        0x0 g:/new folder/nios2eds/bin/gnu/h-i686-mingw32/bin/../lib/gcc/nios2-elf/4.1.2\libgcc.a(_udivdi3.o)
 .data          0x00041540        0x0 g:/new folder/nios2eds/bin/gnu/h-i686-mingw32/bin/../lib/gcc/nios2-elf/4.1.2\libgcc.a(_umoddi3.o)
 .data          0x00041540        0x0 g:/new folder/nios2eds/bin/gnu/h-i686-mingw32/bin/../lib/gcc/nios2-elf/4.1.2\libgcc.a(_ne_sf.o)
 .data          0x00041540        0x0 g:/new folder/nios2eds/bin/gnu/h-i686-mingw32/bin/../lib/gcc/nios2-elf/4.1.2\libgcc.a(_gt_sf.o)
 .data          0x00041540        0x0 g:/new folder/nios2eds/bin/gnu/h-i686-mingw32/bin/../lib/gcc/nios2-elf/4.1.2\libgcc.a(_lt_sf.o)
 .data          0x00041540        0x0 g:/new folder/nios2eds/bin/gnu/h-i686-mingw32/bin/../lib/gcc/nios2-elf/4.1.2\libgcc.a(_addsub_df.o)
 .data          0x00041540        0x0 g:/new folder/nios2eds/bin/gnu/h-i686-mingw32/bin/../lib/gcc/nios2-elf/4.1.2\libgcc.a(_eq_df.o)
 .data          0x00041540        0x0 g:/new folder/nios2eds/bin/gnu/h-i686-mingw32/bin/../lib/gcc/nios2-elf/4.1.2\libgcc.a(_ne_df.o)
 .data          0x00041540        0x0 g:/new folder/nios2eds/bin/gnu/h-i686-mingw32/bin/../lib/gcc/nios2-elf/4.1.2\libgcc.a(_gt_df.o)
 .data          0x00041540        0x0 g:/new folder/nios2eds/bin/gnu/h-i686-mingw32/bin/../lib/gcc/nios2-elf/4.1.2\libgcc.a(_ge_df.o)
 .data          0x00041540        0x0 g:/new folder/nios2eds/bin/gnu/h-i686-mingw32/bin/../lib/gcc/nios2-elf/4.1.2\libgcc.a(_lt_df.o)
 .data          0x00041540        0x0 g:/new folder/nios2eds/bin/gnu/h-i686-mingw32/bin/../lib/gcc/nios2-elf/4.1.2\libgcc.a(_le_df.o)
 .data          0x00041540        0x0 g:/new folder/nios2eds/bin/gnu/h-i686-mingw32/bin/../lib/gcc/nios2-elf/4.1.2\libgcc.a(_si_to_df.o)
 .data          0x00041540        0x0 g:/new folder/nios2eds/bin/gnu/h-i686-mingw32/bin/../lib/gcc/nios2-elf/4.1.2\libgcc.a(_df_to_si.o)
 .data          0x00041540        0x0 g:/new folder/nios2eds/bin/gnu/h-i686-mingw32/bin/../lib/gcc/nios2-elf/4.1.2\libgcc.a(_fpcmp_parts_sf.o)
 .data          0x00041540        0x0 g:/new folder/nios2eds/bin/gnu/h-i686-mingw32/bin/../lib/gcc/nios2-elf/4.1.2\libgcc.a(_fpcmp_parts_df.o)
 .data          0x00041540        0x0 ../Test_bsp/\libhal_bsp.a(alt_close.o)
 .data          0x00041540      0x1a8 ../Test_bsp/\libhal_bsp.a(alt_dev.o)
                0x00041540                alt_dev_null
                0x00041568                alt_fd_list
 .data          0x000416e8        0x0 ../Test_bsp/\libhal_bsp.a(alt_env_lock.o)
 .data          0x000416e8        0x0 ../Test_bsp/\libhal_bsp.a(alt_errno.o)
 .data          0x000416e8        0x0 ../Test_bsp/\libhal_bsp.a(alt_exit.o)
 .data          0x000416e8        0x0 ../Test_bsp/\libhal_bsp.a(alt_fstat.o)
 .data          0x000416e8        0x0 ../Test_bsp/\libhal_bsp.a(alt_getpid.o)
 .data          0x000416e8        0x0 ../Test_bsp/\libhal_bsp.a(alt_isatty.o)
 .data          0x000416e8        0x0 ../Test_bsp/\libhal_bsp.a(alt_kill.o)
 .data          0x000416e8        0x0 ../Test_bsp/\libhal_bsp.a(alt_load.o)
 .data          0x000416e8        0x0 ../Test_bsp/\libhal_bsp.a(alt_lseek.o)
 .data          0x000416e8        0x0 ../Test_bsp/\libhal_bsp.a(alt_main.o)
 .data          0x000416e8        0x0 ../Test_bsp/\libhal_bsp.a(alt_malloc_lock.o)
 .data          0x000416e8        0x0 ../Test_bsp/\libhal_bsp.a(alt_open.o)
 .data          0x000416e8        0x0 ../Test_bsp/\libhal_bsp.a(alt_read.o)
 .data          0x000416e8        0x0 ../Test_bsp/\libhal_bsp.a(alt_release_fd.o)
 .data          0x000416e8        0x0 ../Test_bsp/\libhal_bsp.a(alt_sbrk.o)
 .data          0x000416e8        0x0 ../Test_bsp/\libhal_bsp.a(alt_unlink.o)
 .data          0x000416e8        0x0 ../Test_bsp/\libhal_bsp.a(alt_write.o)
 .data          0x000416e8     0x1088 ../Test_bsp/\libhal_bsp.a(alt_sys_init.o)
 .data          0x00042770        0x0 ../Test_bsp/\libhal_bsp.a(altera_avalon_jtag_uart_fd.o)
 .data          0x00042770        0x0 ../Test_bsp/\libhal_bsp.a(altera_avalon_jtag_uart_init.o)
 .data          0x00042770        0x0 ../Test_bsp/\libhal_bsp.a(altera_avalon_jtag_uart_ioctl.o)
 .data          0x00042770        0x0 ../Test_bsp/\libhal_bsp.a(altera_avalon_jtag_uart_read.o)
 .data          0x00042770        0x0 ../Test_bsp/\libhal_bsp.a(altera_avalon_jtag_uart_write.o)
 .data          0x00042770        0x0 ../Test_bsp/\libhal_bsp.a(altera_avalon_timer_sc.o)
 .data          0x00042770        0x0 ../Test_bsp/\libhal_bsp.a(altera_hostfs.o)
 .data          0x00042770        0x0 ../Test_bsp/\libhal_bsp.a(alt_alarm_start.o)
 .data          0x00042770        0x0 ../Test_bsp/\libhal_bsp.a(alt_dcache_flush_all.o)
 .data          0x00042770        0x0 ../Test_bsp/\libhal_bsp.a(alt_dev_llist_insert.o)
 .data          0x00042770        0x0 ../Test_bsp/\libhal_bsp.a(alt_do_ctors.o)
 .data          0x00042770        0x0 ../Test_bsp/\libhal_bsp.a(alt_do_dtors.o)
 .data          0x00042770        0x0 ../Test_bsp/\libhal_bsp.a(alt_find_dev.o)
 .data          0x00042770        0x0 ../Test_bsp/\libhal_bsp.a(alt_find_file.o)
 .data          0x00042770        0x0 ../Test_bsp/\libhal_bsp.a(alt_fs_reg.o)
 .data          0x00042770        0x0 ../Test_bsp/\libhal_bsp.a(alt_get_fd.o)
 .data          0x00042770        0x0 ../Test_bsp/\libhal_bsp.a(alt_icache_flush_all.o)
 .data          0x00042770        0x0 ../Test_bsp/\libhal_bsp.a(alt_iic.o)
 .data          0x00042770        0x0 ../Test_bsp/\libhal_bsp.a(alt_iic_isr_register.o)
 .data          0x00042770        0x0 ../Test_bsp/\libhal_bsp.a(alt_io_redirect.o)
 .data          0x00042770        0x0 ../Test_bsp/\libhal_bsp.a(alt_irq_entry.o)
 .data          0x00042770        0x0 ../Test_bsp/\libhal_bsp.a(alt_irq_handler.o)
 .data          0x00042770        0x0 ../Test_bsp/\libhal_bsp.a(alt_irq_vars.o)
 .data          0x00042770        0x0 ../Test_bsp/\libhal_bsp.a(alt_tick.o)
 .data          0x00042770        0x0 ../Test_bsp/\libhal_bsp.a(altera_nios2_qsys_irq.o)
 .data          0x00042770        0x0 ../Test_bsp/\libhal_bsp.a(alt_exception_entry.o)
 .data          0x00042770        0x0 ../Test_bsp/\libhal_bsp.a(alt_icache_flush.o)
 .data          0x00042770        0x0 g:/new folder/nios2eds/bin/gnu/h-i686-mingw32/bin/../lib/gcc/nios2-elf/4.1.2/../../../../nios2-elf/lib\libc.a(lib_a-atexit.o)
 .data          0x00042770        0x0 g:/new folder/nios2eds/bin/gnu/h-i686-mingw32/bin/../lib/gcc/nios2-elf/4.1.2/../../../../nios2-elf/lib\libc.a(lib_a-memcmp.o)
 .data          0x00042770        0x0 g:/new folder/nios2eds/bin/gnu/h-i686-mingw32/bin/../lib/gcc/nios2-elf/4.1.2/../../../../nios2-elf/lib\libc.a(lib_a-__atexit.o)
                0x0004a770                _gp = ABSOLUTE ((. + 0x8000))
                0x0004a770                PROVIDE (gp, _gp)
 *(.rwdata .rwdata.*)
 *(.sdata .sdata.* .gnu.linkonce.s.*)
 .sdata         0x00042770       0x10 obj/default/application/jpegclib/jmemmgr.o
 .sdata         0x00042780        0x4 g:/new folder/nios2eds/bin/gnu/h-i686-mingw32/bin/../lib/gcc/nios2-elf/4.1.2/../../../../nios2-elf/lib\libc.a(lib_a-ctype_.o)
                0x00042780                __ctype_ptr
 .sdata         0x00042784        0x8 g:/new folder/nios2eds/bin/gnu/h-i686-mingw32/bin/../lib/gcc/nios2-elf/4.1.2/../../../../nios2-elf/lib\libc.a(lib_a-impure.o)
                0x00042784                _impure_ptr
                0x00042788                _global_impure_ptr
 .sdata         0x0004278c        0x8 g:/new folder/nios2eds/bin/gnu/h-i686-mingw32/bin/../lib/gcc/nios2-elf/4.1.2/../../../../nios2-elf/lib\libc.a(lib_a-mallocr.o)
                0x0004278c                __malloc_trim_threshold
                0x00042790                __malloc_sbrk_base
 .sdata         0x00042794        0x4 g:/new folder/nios2eds/bin/gnu/h-i686-mingw32/bin/../lib/gcc/nios2-elf/4.1.2/../../../../nios2-elf/lib\libc.a(lib_a-environ.o)
                0x00042794                environ
 .sdata         0x00042798        0x8 g:/new folder/nios2eds/bin/gnu/h-i686-mingw32/bin/../lib/gcc/nios2-elf/4.1.2/../../../../nios2-elf/lib\libc.a(lib_a-locale.o)
                0x00042798                __mb_cur_max
 .sdata         0x000427a0       0x14 ../Test_bsp/\libhal_bsp.a(alt_dev.o)
                0x000427a0                alt_fs_list
                0x000427a8                alt_dev_list
                0x000427b0                alt_max_fd
 .sdata         0x000427b4        0x4 ../Test_bsp/\libhal_bsp.a(alt_errno.o)
                0x000427b4                alt_errno
 .sdata         0x000427b8        0x4 ../Test_bsp/\libhal_bsp.a(alt_sbrk.o)
 .sdata         0x000427bc       0x48 ../Test_bsp/\libhal_bsp.a(altera_hostfs.o)
 .sdata         0x00042804        0x4 ../Test_bsp/\libhal_bsp.a(alt_irq_vars.o)
                0x00042804                alt_priority_mask
 .sdata         0x00042808        0x8 ../Test_bsp/\libhal_bsp.a(alt_tick.o)
                0x00042808                alt_alarm_list
 *(.sdata2 .sdata2.* .gnu.linkonce.s2.*)
                0x00042810                . = ALIGN (0x4)
                0x00042810                _edata = ABSOLUTE (.)
                0x00042810                PROVIDE (edata, ABSOLUTE (.))
                0x00042810                PROVIDE (__ram_rwdata_end, ABSOLUTE (.))
                0x00042810                PROVIDE (__flash_rwdata_start, LOADADDR (.rwdata))

.bss            0x0004431c  0x4000424
                0x0004431c                __bss_start = ABSOLUTE (.)
                0x0004431c                PROVIDE (__sbss_start, ABSOLUTE (.))
                0x0004431c                PROVIDE (___sbss_start, ABSOLUTE (.))
 *(.dynsbss)
 *(.sbss .sbss.* .gnu.linkonce.sb.*)
 .sbss          0x0004431c        0x4 g:/new folder/nios2eds/bin/gnu/h-i686-mingw32/bin/../lib/gcc/nios2-elf/4.1.2/../../../../nios2-elf/lib\libc.a(lib_a-int_errno.o)
                0x0004431c                errno
 .sbss          0x00044320        0xc g:/new folder/nios2eds/bin/gnu/h-i686-mingw32/bin/../lib/gcc/nios2-elf/4.1.2/../../../../nios2-elf/lib\libc.a(lib_a-mallocr.o)
                0x00044320                __malloc_top_pad
                0x00044324                __malloc_max_sbrked_mem
                0x00044328                __malloc_max_total_mem
 .sbss          0x0004432c        0x4 g:/new folder/nios2eds/bin/gnu/h-i686-mingw32/bin/../lib/gcc/nios2-elf/4.1.2/../../../../nios2-elf/lib\libc.a(lib_a-environ.o)
 .sbss          0x00044330        0xc g:/new folder/nios2eds/bin/gnu/h-i686-mingw32/bin/../lib/gcc/nios2-elf/4.1.2/../../../../nios2-elf/lib\libc.a(lib_a-locale.o)
                0x00044330                __nlocale_changed
                0x00044334                __mlocale_changed
                0x00044338                _PathLocale
 .sbss          0x0004433c        0xc ../Test_bsp/\libhal_bsp.a(alt_main.o)
                0x0004433c                alt_argc
                0x00044340                alt_argv
                0x00044344                alt_envp
 .sbss          0x00044348        0x4 ../Test_bsp/\libhal_bsp.a(alt_irq_vars.o)
                0x00044348                alt_irq_active
 .sbss          0x0004434c        0x8 ../Test_bsp/\libhal_bsp.a(alt_tick.o)
                0x0004434c                _alt_tick_rate
                0x00044350                _alt_nticks
 *(.sbss2 .sbss2.* .gnu.linkonce.sb2.*)
 *(.scommon)
                0x00044354                PROVIDE (__sbss_end, ABSOLUTE (.))
                0x00044354                PROVIDE (___sbss_end, ABSOLUTE (.))
 *(.dynbss)
 *(.bss .bss.* .gnu.linkonce.b.*)
 .bss           0x00044354        0x0 ../Test_bsp//obj/HAL/src/crt0.o
 .bss           0x00044354        0x0 obj/default/application/bmp_extract.o
 .bss           0x00044354        0x0 obj/default/application/jpeg_encoding.o
 .bss           0x00044354        0x0 obj/default/application/jpegclib/cdjpeg.o
 .bss           0x00044354        0x0 obj/default/application/jpegclib/jaricom.o
 .bss           0x00044354        0x0 obj/default/application/jpegclib/jcapimin.o
 .bss           0x00044354        0x0 obj/default/application/jpegclib/jcapistd.o
 .bss           0x00044354        0x0 obj/default/application/jpegclib/jcarith.o
 .bss           0x00044354        0x0 obj/default/application/jpegclib/jccoefct.o
 .bss           0x00044354        0x0 obj/default/application/jpegclib/jccolor.o
 .bss           0x00044354        0x0 obj/default/application/jpegclib/jcdctmgr.o
 .bss           0x00044354        0x0 obj/default/application/jpegclib/jchuff.o
 .bss           0x00044354        0x0 obj/default/application/jpegclib/jcinit.o
 .bss           0x00044354        0x0 obj/default/application/jpegclib/jcmainct.o
 .bss           0x00044354        0x0 obj/default/application/jpegclib/jcmarker.o
 .bss           0x00044354        0x0 obj/default/application/jpegclib/jcmaster.o
 .bss           0x00044354        0x0 obj/default/application/jpegclib/jcomapi.o
 .bss           0x00044354        0x0 obj/default/application/jpegclib/jcparam.o
 .bss           0x00044354        0x0 obj/default/application/jpegclib/jcprepct.o
 .bss           0x00044354        0x0 obj/default/application/jpegclib/jcsample.o
 .bss           0x00044354        0x0 obj/default/application/jpegclib/jctrans.o
 .bss           0x00044354        0x0 obj/default/application/jpegclib/jdatadst.o
 .bss           0x00044354        0x0 obj/default/application/jpegclib/jerror.o
 .bss           0x00044354        0x0 obj/default/application/jpegclib/jfdctflt.o
 .bss           0x00044354        0x0 obj/default/application/jpegclib/jfdctfst.o
 .bss           0x00044354        0x0 obj/default/application/jpegclib/jfdctint.o
 .bss           0x00044354        0x0 obj/default/application/jpegclib/jidctflt.o
 .bss           0x00044354        0x0 obj/default/application/jpegclib/jidctfst.o
 .bss           0x00044354        0x0 obj/default/application/jpegclib/jidctint.o
 .bss           0x00044354        0x0 obj/default/application/jpegclib/jmemansi.o
 .bss           0x00044354        0x0 obj/default/application/jpegclib/jmemmgr.o
 .bss           0x00044354        0x0 obj/default/application/jpegclib/jquant1.o
 .bss           0x00044354        0x0 obj/default/application/jpegclib/jquant2.o
 .bss           0x00044354        0x0 obj/default/application/jpegclib/jutils.o
 .bss           0x00044354        0x0 obj/default/jpeg_encoder.o
 .bss           0x00044354        0x0 g:/new folder/nios2eds/bin/gnu/h-i686-mingw32/bin/../lib/gcc/nios2-elf/4.1.2\libgcc.a(_addsub_sf.o)
 .bss           0x00044354        0x0 g:/new folder/nios2eds/bin/gnu/h-i686-mingw32/bin/../lib/gcc/nios2-elf/4.1.2\libgcc.a(_mul_sf.o)
 .bss           0x00044354        0x0 g:/new folder/nios2eds/bin/gnu/h-i686-mingw32/bin/../lib/gcc/nios2-elf/4.1.2\libgcc.a(_si_to_sf.o)
 .bss           0x00044354        0x0 g:/new folder/nios2eds/bin/gnu/h-i686-mingw32/bin/../lib/gcc/nios2-elf/4.1.2\libgcc.a(_sf_to_si.o)
 .bss           0x00044354        0x0 g:/new folder/nios2eds/bin/gnu/h-i686-mingw32/bin/../lib/gcc/nios2-elf/4.1.2\libgcc.a(_thenan_sf.o)
 .bss           0x00044354        0x0 g:/new folder/nios2eds/bin/gnu/h-i686-mingw32/bin/../lib/gcc/nios2-elf/4.1.2\libgcc.a(_mul_df.o)
 .bss           0x00044354        0x0 g:/new folder/nios2eds/bin/gnu/h-i686-mingw32/bin/../lib/gcc/nios2-elf/4.1.2\libgcc.a(_div_df.o)
 .bss           0x00044354        0x0 g:/new folder/nios2eds/bin/gnu/h-i686-mingw32/bin/../lib/gcc/nios2-elf/4.1.2\libgcc.a(_df_to_sf.o)
 .bss           0x00044354        0x0 g:/new folder/nios2eds/bin/gnu/h-i686-mingw32/bin/../lib/gcc/nios2-elf/4.1.2\libgcc.a(_thenan_df.o)
 .bss           0x00044354        0x0 g:/new folder/nios2eds/bin/gnu/h-i686-mingw32/bin/../lib/gcc/nios2-elf/4.1.2\libgcc.a(_usi_to_df.o)
 .bss           0x00044354        0x0 g:/new folder/nios2eds/bin/gnu/h-i686-mingw32/bin/../lib/gcc/nios2-elf/4.1.2\libgcc.a(lib2-divmod.o)
 .bss           0x00044354        0x0 g:/new folder/nios2eds/bin/gnu/h-i686-mingw32/bin/../lib/gcc/nios2-elf/4.1.2\libgcc.a(_muldi3.o)
 .bss           0x00044354        0x0 g:/new folder/nios2eds/bin/gnu/h-i686-mingw32/bin/../lib/gcc/nios2-elf/4.1.2\libgcc.a(_clzsi2.o)
 .bss           0x00044354        0x0 g:/new folder/nios2eds/bin/gnu/h-i686-mingw32/bin/../lib/gcc/nios2-elf/4.1.2\libgcc.a(_pack_sf.o)
 .bss           0x00044354        0x0 g:/new folder/nios2eds/bin/gnu/h-i686-mingw32/bin/../lib/gcc/nios2-elf/4.1.2\libgcc.a(_unpack_sf.o)
 .bss           0x00044354        0x0 g:/new folder/nios2eds/bin/gnu/h-i686-mingw32/bin/../lib/gcc/nios2-elf/4.1.2\libgcc.a(_make_sf.o)